EN my_dpimref NULL C:/Users/Sacha/work/COMP3601/dpimrefTest/dpimref.vhd sub00/vhpl04 1345427512
AR top structural C:/Users/Sacha/work/COMP3601/dpimrefTest/top.vhd sub00/vhpl03 1346044373
EN top NULL C:/Users/Sacha/work/COMP3601/dpimrefTest/top.vhd sub00/vhpl02 1346044372
EN dpimref NULL C:/Users/Sacha/work/COMP3601/dpimrefTest/dpimref.vhd sub00/vhpl00 1346044370
AR dpimref behavioral C:/Users/Sacha/work/COMP3601/dpimrefTest/dpimref.vhd sub00/vhpl01 1346044371
