V3 8
FL C:/Users/Sacha/work/COMP3601/dpimrefTest/dpimref.vhd 2012/08/27.15:12:35 M.53d
EN work/dpimref 1346044370 \
      FL C:/Users/Sacha/work/COMP3601/dpimrefTest/dpimref.vhd \
      PB ieee/std_logic_1164 1270894585 PB ieee/std_logic_arith 1270894586 \
      PB ieee/STD_LOGIC_UNSIGNED 1270894587
AR work/dpimref/Behavioral 1346044371 \
      FL C:/Users/Sacha/work/COMP3601/dpimrefTest/dpimref.vhd EN work/dpimref 1346044370
FL C:/Users/Sacha/work/COMP3601/dpimrefTest/top.vhd 2012/08/27.15:06:15 M.53d
EN work/top 1346044372 FL C:/Users/Sacha/work/COMP3601/dpimrefTest/top.vhd \
      PB ieee/std_logic_1164 1270894585 PB ieee/STD_LOGIC_UNSIGNED 1270894587 \
      LB UNISIM PH unisim/VCOMPONENTS 1270894587
AR work/top/Structural 1346044373 \
      FL C:/Users/Sacha/work/COMP3601/dpimrefTest/top.vhd EN work/top 1346044372 \
      CP dpimref
