EN length_decoder NULL H:/12s2/COMP3601/Project/sensor/length_decoder.vhd sub00/vhpl11 1349082296
AR clk_div behavioral H:/12s2/COMP3601/Project/clk_div/clk_div.vhd sub00/vhpl01 1346982738
AR length_decoder behaviour H:/12s2/COMP3601/Project/sensor/length_decoder.vhd sub00/vhpl12 1349082297
EN pulselengthdecoder NULL H:/12s2/COMP3601/Project/sensor/PulseLengthDecoder.vhd sub00/vhpl14 1349532151
AR sensor structure H:/12s2/COMP3601/Project/sensor/sensor.vhd sub00/vhpl04 1346982741
PH pulselengthdecoderpackage NULL H:/12s2/COMP3601/Project/sensor/PulseLengthDecoder.vhd sub00/vhpl16 1349532153
AR sensor behaviour H:/12s2/COMP3601/Project/sensor/sensor.vhd sub00/vhpl05 1349532155
AR pulselengthdecoder behaviour H:/12s2/COMP3601/Project/sensor/PulseLengthDecoder.vhd sub00/vhpl15 1349532152
PH length_decoder_package NULL H:/12s2/COMP3601/Project/sensor/length_decoder.vhd sub00/vhpl13 1349082298
PH timer_package NULL H:/12s2/COMP3601/Project/sensor/timer.vhd sub00/vhpl08 1347628132
EN sensor NULL H:/12s2/COMP3601/Project/sensor/sensor.vhd sub00/vhpl03 1349532154
EN decoder NULL H:/12s2/COMP3601/Project/sensor/decoder.vhd sub00/vhpl09 1348234003
PH clk_div_package NULL H:/12s2/COMP3601/Project/clk_div/clk_div.vhd sub00/vhpl02 1346982739
EN clk_div NULL H:/12s2/COMP3601/Project/clk_div/clk_div.vhd sub00/vhpl00 1346982737
AR decoder behaviour H:/12s2/COMP3601/Project/sensor/decoder.vhd sub00/vhpl10 1348234004
AR timer behavioral H:/12s2/COMP3601/Project/sensor/timer.vhd sub00/vhpl07 1347628131
EN timer NULL H:/12s2/COMP3601/Project/sensor/timer.vhd sub00/vhpl06 1347628130
