AR clk_div behavioral H:/12s2/COMP3601/Project/clk_div/clk_div.vhd sub00/vhpl01 1346982738
AR sensor structure H:/12s2/COMP3601/Project/sensor/sensor.vhd sub00/vhpl04 1346982741
EN sensor NULL H:/12s2/COMP3601/Project/sensor/sensor.vhd sub00/vhpl03 1346982740
PH clk_div_package NULL H:/12s2/COMP3601/Project/clk_div/clk_div.vhd sub00/vhpl02 1346982739
EN clk_div NULL H:/12s2/COMP3601/Project/clk_div/clk_div.vhd sub00/vhpl00 1346982737
