EN leddisplay NULL H:/12s2/COMP3601/Project/LedDisplay/LedDisplay.vhd sub00/vhpl08 1346243139
PH leddisplaypackage NULL H:/12s2/COMP3601/Project/LedDisplay/LedDisplay.vhd sub00/vhpl10 1346243141
AR clk_div behavioral H:/12s2/COMP3601/Project/clk_div/clk_div.vhd sub00/vhpl01 1346243143
EN displaydecoder NULL H:/12s2/COMP3601/Project/DisplayDecoder/DisplayDecoder.vhd sub00/vhpl05 1346243136
AR timer structural H:/12s2/COMP3601/Project/timer/timer.vhd sub00/vhpl04 1346243146
PH displaydecoderpackage NULL H:/12s2/COMP3601/Project/DisplayDecoder/DisplayDecoder.vhd sub00/vhpl07 1346243138
AR displaydecoder behavioral H:/12s2/COMP3601/Project/DisplayDecoder/DisplayDecoder.vhd sub00/vhpl06 1346243137
AR leddisplay behavioral H:/12s2/COMP3601/Project/LedDisplay/LedDisplay.vhd sub00/vhpl09 1346243140
PH clk_div_package NULL H:/12s2/COMP3601/Project/clk_div/clk_div.vhd sub00/vhpl02 1346243144
EN clk_div NULL H:/12s2/COMP3601/Project/clk_div/clk_div.vhd sub00/vhpl00 1346243142
EN timer NULL H:/12s2/COMP3601/Project/timer/timer.vhd sub00/vhpl03 1346243145
