AR top_level behavioral H:/12s2/COMP3601/Project/top_level/top_level.vhd sub00/vhpl07 1345886407
EN leddisplay NULL H:/12s2/COMP3601/Project/LedDisplay/LedDisplay.vhd sub00/vhpl00 1345886400
PH clk_ms_package NULL H:/12s2/COMP3601/Project/clk_ms/clk_ms.vhd sub00/vhpl10 1345883517
PH leddisplaypackage NULL H:/12s2/COMP3601/Project/LedDisplay/LedDisplay.vhd sub00/vhpl06 1345886402
AR clk_div behavioral H:/12s2/COMP3601/Project/clk_div/clk_div.vhd sub00/vhpl12 1345886404
EN displaydecoder NULL H:/12s2/COMP3601/Project/DisplayDecoder/DisplayDecoder.vhd sub00/vhpl01 1345886397
PH displaydecoderpackage NULL H:/12s2/COMP3601/Project/DisplayDecoder/DisplayDecoder.vhd sub00/vhpl03 1345886399
AR displaydecoder behavioral H:/12s2/COMP3601/Project/DisplayDecoder/DisplayDecoder.vhd sub00/vhpl02 1345886398
EN clk_ms NULL H:/12s2/COMP3601/Project/clk_ms/clk_ms.vhd sub00/vhpl08 1345883515
AR clk_ms behavioral H:/12s2/COMP3601/Project/clk_ms/clk_ms.vhd sub00/vhpl09 1345883516
AR leddisplay behavioral H:/12s2/COMP3601/Project/LedDisplay/LedDisplay.vhd sub00/vhpl04 1345886401
PH clk_div_package NULL H:/12s2/COMP3601/Project/clk_div/clk_div.vhd sub00/vhpl13 1345886405
EN clk_div NULL H:/12s2/COMP3601/Project/clk_div/clk_div.vhd sub00/vhpl11 1345886403
EN top_level NULL H:/12s2/COMP3601/Project/top_level/top_level.vhd sub00/vhpl05 1345886406
