V3 9
FL H:/12s2/COMP3601/Project/clocked_display/clocked_display.vhd 2012/10/07.21:51:59 O.61xd
EN work/clocked_display 1349607126 \
      FL H:/12s2/COMP3601/Project/clocked_display/clocked_display.vhd \
      PB ieee/std_logic_1164 1308643377 PB ieee/NUMERIC_STD 1308643378 \
      PB ieee/std_logic_arith 1308643378 PH work/display_decoder_package 1349607125
AR work/clocked_display/Behavioral 1349607127 \
      FL H:/12s2/COMP3601/Project/clocked_display/clocked_display.vhd \
      EN work/clocked_display 1349607126 CP display_decoder
FL H:/12s2/COMP3601/Project/display_decoder/display_decoder.vhd 2012/10/07.21:40:17 O.61xd
EN work/display_decoder 1349607123 \
      FL H:/12s2/COMP3601/Project/display_decoder/display_decoder.vhd \
      PB ieee/std_logic_1164 1308643377
AR work/display_decoder/Behavioral 1349607124 \
      FL H:/12s2/COMP3601/Project/display_decoder/display_decoder.vhd \
      EN work/display_decoder 1349607123
PH work/display_decoder_package 1349607125 \
      FL H:/12s2/COMP3601/Project/display_decoder/display_decoder.vhd \
      PB ieee/std_logic_1164 1308643377 CD display_decoder
