Release 13.2 - xst O.61xd (nt)
Copyright (c) 1995-2011 Xilinx, Inc.  All rights reserved.
--> Parameter TMPDIR set to xst/projnav.tmp


Total REAL time to Xst completion: 0.00 secs
Total CPU time to Xst completion: 0.17 secs
 
--> Parameter xsthdpdir set to xst


Total REAL time to Xst completion: 0.00 secs
Total CPU time to Xst completion: 0.17 secs
 
--> Reading design: LedDisplay.prj

TABLE OF CONTENTS
  1) Synthesis Options Summary
  2) HDL Compilation
  3) Design Hierarchy Analysis
  4) HDL Analysis
  5) HDL Synthesis
     5.1) HDL Synthesis Report
  6) Advanced HDL Synthesis
     6.1) Advanced HDL Synthesis Report
  7) Low Level Synthesis
  8) Partition Report
  9) Final Report
	9.1) Device utilization summary
	9.2) Partition Resource Summary
	9.3) TIMING REPORT


=========================================================================
*                      Synthesis Options Summary                        *
=========================================================================
---- Source Parameters
Input File Name                    : "LedDisplay.prj"
Input Format                       : mixed
Ignore Synthesis Constraint File   : NO

---- Target Parameters
Output File Name                   : "LedDisplay"
Output Format                      : NGC
Target Device                      : xc3s400-5-ft256

---- Source Options
Top Module Name                    : LedDisplay
Automatic FSM Extraction           : YES
FSM Encoding Algorithm             : Auto
Safe Implementation                : No
FSM Style                          : LUT
RAM Extraction                     : Yes
RAM Style                          : Auto
ROM Extraction                     : Yes
Mux Style                          : Auto
Decoder Extraction                 : YES
Priority Encoder Extraction        : Yes
Shift Register Extraction          : YES
Logical Shifter Extraction         : YES
XOR Collapsing                     : YES
ROM Style                          : Auto
Mux Extraction                     : Yes
Resource Sharing                   : YES
Asynchronous To Synchronous        : NO
Multiplier Style                   : Auto
Automatic Register Balancing       : No

---- Target Options
Add IO Buffers                     : YES
Global Maximum Fanout              : 500
Add Generic Clock Buffer(BUFG)     : 8
Register Duplication               : YES
Slice Packing                      : YES
Optimize Instantiated Primitives   : NO
Use Clock Enable                   : Yes
Use Synchronous Set                : Yes
Use Synchronous Reset              : Yes
Pack IO Registers into IOBs        : Auto
Equivalent register Removal        : YES

---- General Options
Optimization Goal                  : Speed
Optimization Effort                : 1
Keep Hierarchy                     : No
Netlist Hierarchy                  : As_Optimized
RTL Output                         : Yes
Global Optimization                : AllClockNets
Read Cores                         : YES
Write Timing Constraints           : NO
Cross Clock Analysis               : NO
Hierarchy Separator                : /
Bus Delimiter                      : <>
Case Specifier                     : Maintain
Slice Utilization Ratio            : 100
BRAM Utilization Ratio             : 100
Verilog 2001                       : YES
Auto BRAM Packing                  : NO
Slice Utilization Ratio Delta      : 5

=========================================================================


=========================================================================
*                          HDL Compilation                              *
=========================================================================
Compiling vhdl file "H:/12s2/COMP3601/Project/DisplayDecoder/DisplayDecoder.vhd" in Library work.
Architecture behavioral of Entity displaydecoder is up to date.
Compiling vhdl file "H:/12s2/COMP3601/Project/LedDisplay/LedDisplay.vhd" in Library work.
Entity <leddisplay> compiled.
Entity <leddisplay> (Architecture <behavioral>) compiled.

=========================================================================
*                     Design Hierarchy Analysis                         *
=========================================================================
Analyzing hierarchy for entity <LedDisplay> in library <work> (architecture <behavioral>).

Analyzing hierarchy for entity <DisplayDecoder> in library <work> (architecture <behavioral>).


=========================================================================
*                            HDL Analysis                               *
=========================================================================
Analyzing Entity <LedDisplay> in library <work> (Architecture <behavioral>).
Entity <LedDisplay> analyzed. Unit <LedDisplay> generated.

Analyzing Entity <DisplayDecoder> in library <work> (Architecture <behavioral>).
Entity <DisplayDecoder> analyzed. Unit <DisplayDecoder> generated.


=========================================================================
*                           HDL Synthesis                               *
=========================================================================

Performing bidirectional port resolution...

Synthesizing Unit <DisplayDecoder>.
    Related source file is "H:/12s2/COMP3601/Project/DisplayDecoder/DisplayDecoder.vhd".
Unit <DisplayDecoder> synthesized.


Synthesizing Unit <LedDisplay>.
    Related source file is "H:/12s2/COMP3601/Project/LedDisplay/LedDisplay.vhd".
    Found 4x32-bit ROM for signal <number$mux0000>.
    Found 4-bit register for signal <an>.
    Found 13-bit up counter for signal <counter>.
    Found 13-bit comparator greater for signal <counter$cmp_gt0000> created at line 41.
    Found 32-bit register for signal <number>.
    Summary:
	inferred   1 ROM(s).
	inferred   1 Counter(s).
	inferred  36 D-type flip-flop(s).
	inferred   1 Comparator(s).
Unit <LedDisplay> synthesized.


=========================================================================
HDL Synthesis Report

Macro Statistics
# ROMs                                                 : 1
 4x32-bit ROM                                          : 1
# Counters                                             : 1
 13-bit up counter                                     : 1
# Registers                                            : 5
 1-bit register                                        : 4
 32-bit register                                       : 1
# Comparators                                          : 1
 13-bit comparator greater                             : 1

=========================================================================

=========================================================================
*                       Advanced HDL Synthesis                          *
=========================================================================


Synthesizing (advanced) Unit <LedDisplay>.
INFO:Xst:3034 - In order to maximize performance and save block RAM resources, the small ROM <Mrom_number_mux0000> will be implemented on LUT. If you want to force its implementation on block, use option/constraint rom_style.
Unit <LedDisplay> synthesized (advanced).

=========================================================================
Advanced HDL Synthesis Report

Macro Statistics
# ROMs                                                 : 1
 4x32-bit ROM                                          : 1
# Counters                                             : 1
 13-bit up counter                                     : 1
# Registers                                            : 36
 Flip-Flops                                            : 36
# Comparators                                          : 1
 13-bit comparator greater                             : 1

=========================================================================

=========================================================================
*                         Low Level Synthesis                           *
=========================================================================
WARNING:Xst:1710 - FF/Latch <number_31> (without init value) has a constant value of 0 in block <LedDisplay>. This FF/Latch will be trimmed during the optimization process.
WARNING:Xst:1895 - Due to other FF/Latch trimming, FF/Latch <number_30> (without init value) has a constant value of 0 in block <LedDisplay>. This FF/Latch will be trimmed during the optimization process.
WARNING:Xst:1895 - Due to other FF/Latch trimming, FF/Latch <number_29> (without init value) has a constant value of 0 in block <LedDisplay>. This FF/Latch will be trimmed during the optimization process.
WARNING:Xst:1895 - Due to other FF/Latch trimming, FF/Latch <number_28> (without init value) has a constant value of 0 in block <LedDisplay>. This FF/Latch will be trimmed during the optimization process.
WARNING:Xst:1895 - Due to other FF/Latch trimming, FF/Latch <number_27> (without init value) has a constant value of 0 in block <LedDisplay>. This FF/Latch will be trimmed during the optimization process.
WARNING:Xst:1895 - Due to other FF/Latch trimming, FF/Latch <number_26> (without init value) has a constant value of 0 in block <LedDisplay>. This FF/Latch will be trimmed during the optimization process.
WARNING:Xst:1895 - Due to other FF/Latch trimming, FF/Latch <number_25> (without init value) has a constant value of 0 in block <LedDisplay>. This FF/Latch will be trimmed during the optimization process.
WARNING:Xst:1895 - Due to other FF/Latch trimming, FF/Latch <number_24> (without init value) has a constant value of 0 in block <LedDisplay>. This FF/Latch will be trimmed during the optimization process.
WARNING:Xst:1895 - Due to other FF/Latch trimming, FF/Latch <number_23> (without init value) has a constant value of 0 in block <LedDisplay>. This FF/Latch will be trimmed during the optimization process.
WARNING:Xst:1895 - Due to other FF/Latch trimming, FF/Latch <number_22> (without init value) has a constant value of 0 in block <LedDisplay>. This FF/Latch will be trimmed during the optimization process.
WARNING:Xst:1895 - Due to other FF/Latch trimming, FF/Latch <number_21> (without init value) has a constant value of 0 in block <LedDisplay>. This FF/Latch will be trimmed during the optimization process.
WARNING:Xst:1895 - Due to other FF/Latch trimming, FF/Latch <number_20> (without init value) has a constant value of 0 in block <LedDisplay>. This FF/Latch will be trimmed during the optimization process.
WARNING:Xst:1895 - Due to other FF/Latch trimming, FF/Latch <number_19> (without init value) has a constant value of 0 in block <LedDisplay>. This FF/Latch will be trimmed during the optimization process.
WARNING:Xst:1895 - Due to other FF/Latch trimming, FF/Latch <number_18> (without init value) has a constant value of 0 in block <LedDisplay>. This FF/Latch will be trimmed during the optimization process.
WARNING:Xst:1895 - Due to other FF/Latch trimming, FF/Latch <number_17> (without init value) has a constant value of 0 in block <LedDisplay>. This FF/Latch will be trimmed during the optimization process.
WARNING:Xst:1895 - Due to other FF/Latch trimming, FF/Latch <number_16> (without init value) has a constant value of 0 in block <LedDisplay>. This FF/Latch will be trimmed during the optimization process.
WARNING:Xst:1895 - Due to other FF/Latch trimming, FF/Latch <number_15> (without init value) has a constant value of 0 in block <LedDisplay>. This FF/Latch will be trimmed during the optimization process.
WARNING:Xst:1895 - Due to other FF/Latch trimming, FF/Latch <number_14> (without init value) has a constant value of 0 in block <LedDisplay>. This FF/Latch will be trimmed during the optimization process.
WARNING:Xst:1895 - Due to other FF/Latch trimming, FF/Latch <number_13> (without init value) has a constant value of 0 in block <LedDisplay>. This FF/Latch will be trimmed during the optimization process.
WARNING:Xst:1895 - Due to other FF/Latch trimming, FF/Latch <number_12> (without init value) has a constant value of 0 in block <LedDisplay>. This FF/Latch will be trimmed during the optimization process.
WARNING:Xst:1895 - Due to other FF/Latch trimming, FF/Latch <number_11> (without init value) has a constant value of 0 in block <LedDisplay>. This FF/Latch will be trimmed during the optimization process.
WARNING:Xst:1895 - Due to other FF/Latch trimming, FF/Latch <number_10> (without init value) has a constant value of 0 in block <LedDisplay>. This FF/Latch will be trimmed during the optimization process.
WARNING:Xst:1895 - Due to other FF/Latch trimming, FF/Latch <number_9> (without init value) has a constant value of 0 in block <LedDisplay>. This FF/Latch will be trimmed during the optimization process.
WARNING:Xst:1895 - Due to other FF/Latch trimming, FF/Latch <number_8> (without init value) has a constant value of 0 in block <LedDisplay>. This FF/Latch will be trimmed during the optimization process.
WARNING:Xst:1895 - Due to other FF/Latch trimming, FF/Latch <number_7> (without init value) has a constant value of 0 in block <LedDisplay>. This FF/Latch will be trimmed during the optimization process.
WARNING:Xst:1895 - Due to other FF/Latch trimming, FF/Latch <number_6> (without init value) has a constant value of 0 in block <LedDisplay>. This FF/Latch will be trimmed during the optimization process.
WARNING:Xst:1895 - Due to other FF/Latch trimming, FF/Latch <number_5> (without init value) has a constant value of 1 in block <LedDisplay>. This FF/Latch will be trimmed during the optimization process.
WARNING:Xst:1895 - Due to other FF/Latch trimming, FF/Latch <number_4> (without init value) has a constant value of 1 in block <LedDisplay>. This FF/Latch will be trimmed during the optimization process.
WARNING:Xst:1895 - Due to other FF/Latch trimming, FF/Latch <number_3> (without init value) has a constant value of 1 in block <LedDisplay>. This FF/Latch will be trimmed during the optimization process.
WARNING:Xst:1895 - Due to other FF/Latch trimming, FF/Latch <number_2> (without init value) has a constant value of 0 in block <LedDisplay>. This FF/Latch will be trimmed during the optimization process.

Optimizing unit <LedDisplay> ...

Mapping all equations...
Building and optimizing final netlist ...
Found area constraint ratio of 100 (+ 5) on block LedDisplay, actual ratio is 0.

Final Macro Processing ...

=========================================================================
Final Register Report

Macro Statistics
# Registers                                            : 19
 Flip-Flops                                            : 19

=========================================================================

=========================================================================
*                           Partition Report                            *
=========================================================================

Partition Implementation Status
-------------------------------

  No Partitions were found in this design.

-------------------------------

=========================================================================
*                            Final Report                               *
=========================================================================
Final Results
RTL Top Level Output File Name     : LedDisplay.ngr
Top Level Output File Name         : LedDisplay
Output Format                      : NGC
Optimization Goal                  : Speed
Keep Hierarchy                     : No

Design Statistics
# IOs                              : 12

Cell Usage :
# BELS                             : 67
#      GND                         : 1
#      INV                         : 5
#      LUT1                        : 13
#      LUT2                        : 3
#      LUT2_L                      : 3
#      LUT3                        : 1
#      LUT4                        : 10
#      LUT4_L                      : 1
#      MUXCY                       : 16
#      VCC                         : 1
#      XORCY                       : 13
# FlipFlops/Latches                : 19
#      FDE                         : 6
#      FDR                         : 13
# Clock Buffers                    : 1
#      BUFGP                       : 1
# IO Buffers                       : 11
#      OBUF                        : 11
=========================================================================

Device utilization summary:
---------------------------

Selected Device : 3s400ft256-5 

 Number of Slices:                       17  out of   3584     0%  
 Number of Slice Flip Flops:             19  out of   7168     0%  
 Number of 4 input LUTs:                 36  out of   7168     0%  
 Number of IOs:                          12
 Number of bonded IOBs:                  12  out of    173     6%  
 Number of GCLKs:                         1  out of      8    12%  

---------------------------
Partition Resource Summary:
---------------------------

  No Partitions were found in this design.

---------------------------


=========================================================================
TIMING REPORT

NOTE: THESE TIMING NUMBERS ARE ONLY A SYNTHESIS ESTIMATE.
      FOR ACCURATE TIMING INFORMATION PLEASE REFER TO THE TRACE REPORT
      GENERATED AFTER PLACE-and-ROUTE.

Clock Information:
------------------
-----------------------------------+------------------------+-------+
Clock Signal                       | Clock buffer(FF name)  | Load  |
-----------------------------------+------------------------+-------+
clk                                | BUFGP                  | 19    |
-----------------------------------+------------------------+-------+

Asynchronous Control Signals Information:
----------------------------------------
No asynchronous control signals found in this design

Timing Summary:
---------------
Speed Grade: -5

   Minimum period: 6.028ns (Maximum Frequency: 165.898MHz)
   Minimum input arrival time before clock: No path found
   Maximum output required time after clock: 7.671ns
   Maximum combinational path delay: No path found

Timing Detail:
--------------
All values displayed in nanoseconds (ns)

=========================================================================
Timing constraint: Default period analysis for Clock 'clk'
  Clock period: 6.028ns (frequency: 165.898MHz)
  Total number of paths / destination ports: 367 / 38
-------------------------------------------------------------------------
Delay:               6.028ns (Levels of Logic = 6)
  Source:            counter_0 (FF)
  Destination:       counter_0 (FF)
  Source Clock:      clk rising
  Destination Clock: clk rising

  Data Path: counter_0 to counter_0
                                Gate     Net
    Cell:in->out      fanout   Delay   Delay  Logical Name (Net Name)
    ----------------------------------------  ------------
     FDR:C->Q              3   0.626   1.066  counter_0 (counter_0)
     LUT4:I0->O            1   0.479   0.000  Mcompar_counter_cmp_gt0000_lut<0> (Mcompar_counter_cmp_gt0000_lut<0>)
     MUXCY:S->O            1   0.435   0.000  Mcompar_counter_cmp_gt0000_cy<0> (Mcompar_counter_cmp_gt0000_cy<0>)
     MUXCY:CI->O           1   0.056   0.000  Mcompar_counter_cmp_gt0000_cy<1> (Mcompar_counter_cmp_gt0000_cy<1>)
     MUXCY:CI->O           1   0.056   0.000  Mcompar_counter_cmp_gt0000_cy<2> (Mcompar_counter_cmp_gt0000_cy<2>)
     MUXCY:CI->O           1   0.265   0.681  Mcompar_counter_cmp_gt0000_cy<3> (Mcompar_counter_cmp_gt0000_cy<3>)
     INV:I->O             13   0.479   0.994  Mcompar_counter_cmp_gt0000_cy<3>_inv_INV_0 (counter_cmp_gt0000)
     FDR:R                     0.892          counter_0
    ----------------------------------------
    Total                      6.028ns (3.287ns logic, 2.741ns route)
                                       (54.5% logic, 45.5% route)

=========================================================================
Timing constraint: Default OFFSET OUT AFTER for Clock 'clk'
  Total number of paths / destination ports: 9 / 8
-------------------------------------------------------------------------
Offset:              7.671ns (Levels of Logic = 2)
  Source:            number_0 (FF)
  Destination:       led<4> (PAD)
  Source Clock:      clk rising

  Data Path: number_0 to led<4>
                                Gate     Net
    Cell:in->out      fanout   Delay   Delay  Logical Name (Net Name)
    ----------------------------------------  ------------
     FDE:C->Q              1   0.626   0.976  number_0 (number_0)
     LUT2:I0->O            1   0.479   0.681  decode_value/output<4>1 (led_4_OBUF)
     OBUF:I->O                 4.909          led_4_OBUF (led<4>)
    ----------------------------------------
    Total                      7.671ns (6.014ns logic, 1.657ns route)
                                       (78.4% logic, 21.6% route)

=========================================================================


Total REAL time to Xst completion: 5.00 secs
Total CPU time to Xst completion: 5.09 secs
 
--> 

Total memory usage is 197640 kilobytes

Number of errors   :    0 (   0 filtered)
Number of warnings :   30 (   0 filtered)
Number of infos    :    1 (   0 filtered)

