EN display_decoder NULL H:/12s2/COMP3601/Project/display_decoder/display_decoder.vhd sub00/vhpl00 1349606421
PH display_decoder_package NULL H:/12s2/COMP3601/Project/display_decoder/display_decoder.vhd sub00/vhpl02 1349606423
AR display_decoder behavioral H:/12s2/COMP3601/Project/display_decoder/display_decoder.vhd sub00/vhpl01 1349606422
