AR display behavioral H:/12s2/COMP3601/streaming/display.vhd sub00/vhpl11 1350989894
EN display NULL H:/12s2/COMP3601/streaming/display.vhd sub00/vhpl10 1350989893
EN streaming NULL H:/12s2/COMP3601/streaming/streaming.vhd sub00/vhpl12 1350989895
PH sensor_package NULL H:/12s2/COMP3601/streaming/sensor.vhd sub00/vhpl00 1350989889
AR integer_divider behaviour H:/12s2/COMP3601/streaming/integer_divider.vhd sub00/vhpl03 1350989885
AR pulse_decoder behavioral H:/12s2/COMP3601/streaming/pulse_decoder.vhd sub00/vhpl06 1350989888
PH pulse_decoder_package NULL H:/12s2/COMP3601/streaming/pulse_decoder.vhd sub00/vhpl04 1350989886
EN sensor NULL H:/12s2/COMP3601/streaming/sensor.vhd sub00/vhpl07 1350989890
PH display_package NULL H:/12s2/COMP3601/streaming/display.vhd sub00/vhpl09 1350989892
AR sensor behavioral H:/12s2/COMP3601/streaming/sensor.vhd sub00/vhpl08 1350989891
EN integer_divider NULL H:/12s2/COMP3601/streaming/integer_divider.vhd sub00/vhpl02 1350989884
EN pulse_decoder NULL H:/12s2/COMP3601/streaming/pulse_decoder.vhd sub00/vhpl05 1350989887
PH integer_divider_package NULL H:/12s2/COMP3601/streaming/integer_divider.vhd sub00/vhpl01 1350989883
AR streaming behavioural H:/12s2/COMP3601/streaming/streaming.vhd sub00/vhpl13 1350989896
