EN my_dpimref NULL C:/Users/Sacha/work/COMP3601/dpimrefTest/dpimref.vhd sub00/vhpl04 1345427512
EN mem_tester NULL C:/Users/Sacha/work/design-a/COMP3601/dpimrefTest/mem_tester.vhd sub00/vhpl07 1350133250
AR top structural C:/Users/Sacha/work/design-a/COMP3601/dpimrefTest/top.vhd sub00/vhpl03 1350976966
EN top NULL C:/Users/Sacha/work/design-a/COMP3601/dpimrefTest/top.vhd sub00/vhpl02 1350976965
EN memory NULL C:/Users/Sacha/work/design-a/COMP3601/dpimrefTest/memory.vhd sub00/vhpl05 1350976961
AR mem_filler behavioral C:/Users/Sacha/work/design-a/COMP3601/dpimrefTest/mem_filler.vhd sub00/vhpl10 1350976964
AR mem_tester behavioral C:/Users/Sacha/work/design-a/COMP3601/dpimrefTest/mem_tester.vhd sub00/vhpl08 1350133251
AR memory behavioral C:/Users/Sacha/work/design-a/COMP3601/dpimrefTest/memory.vhd sub00/vhpl06 1350976962
EN mem_filler NULL C:/Users/Sacha/work/design-a/COMP3601/dpimrefTest/mem_filler.vhd sub00/vhpl09 1350976963
EN dpimref NULL C:/Users/Sacha/work/design-a/COMP3601/dpimrefTest/dpimref.vhd sub00/vhpl00 1350976959
AR dpimref behavioral C:/Users/Sacha/work/design-a/COMP3601/dpimrefTest/dpimref.vhd sub00/vhpl01 1350976960
