V3 23
FL C:/Users/Sacha/work/COMP3601/dpimrefTest/dpimref.vhd 2012/08/27.22:23:01 M.53d
FL C:/Users/Sacha/work/COMP3601/dpimrefTest/memory.vhd 2012/08/27.22:27:33 M.53d
FL C:/Users/Sacha/work/COMP3601/dpimrefTest/mem_tester.vhd 2012/08/27.23:09:24 M.53d
FL C:/Users/Sacha/work/COMP3601/dpimrefTest/top.vhd 2012/08/27.22:22:54 M.53d
FL C:/Users/Sacha/work/design-a/COMP3601/dpimrefTest/dpimref.vhd 2012/10/23.17:47:04 M.53d
EN work/dpimref 1350976959 \
      FL C:/Users/Sacha/work/design-a/COMP3601/dpimrefTest/dpimref.vhd \
      PB ieee/std_logic_1164 1270894585 PB ieee/std_logic_arith 1270894586 \
      PB ieee/STD_LOGIC_UNSIGNED 1270894587
AR work/dpimref/Behavioral 1350976960 \
      FL C:/Users/Sacha/work/design-a/COMP3601/dpimrefTest/dpimref.vhd \
      EN work/dpimref 1350976959
FL C:/Users/Sacha/work/design-a/COMP3601/dpimrefTest/memory.vhd 2012/10/23.02:14:41 M.53d
EN work/memory 1350976961 \
      FL C:/Users/Sacha/work/design-a/COMP3601/dpimrefTest/memory.vhd \
      PB ieee/std_logic_1164 1270894585
AR work/memory/Behavioral 1350976962 \
      FL C:/Users/Sacha/work/design-a/COMP3601/dpimrefTest/memory.vhd \
      EN work/memory 1350976961
FL C:/Users/Sacha/work/design-a/COMP3601/dpimrefTest/mem_filler.vhd 2012/10/23.02:49:09 M.53d
EN work/mem_filler 1350976963 \
      FL C:/Users/Sacha/work/design-a/COMP3601/dpimrefTest/mem_filler.vhd \
      PB ieee/std_logic_1164 1270894585 PB ieee/std_logic_arith 1270894586
AR work/mem_filler/Behavioral 1350976964 \
      FL C:/Users/Sacha/work/design-a/COMP3601/dpimrefTest/mem_filler.vhd \
      EN work/mem_filler 1350976963
FL C:/Users/Sacha/work/design-a/COMP3601/dpimrefTest/mem_tester.vhd 2012/10/13.23:06:59 M.53d
EN work/mem_tester 1350133250 \
      FL C:/Users/Sacha/work/design-a/COMP3601/dpimrefTest/mem_tester.vhd \
      PB ieee/std_logic_1164 1270894585
AR work/mem_tester/Behavioral 1350133251 \
      FL C:/Users/Sacha/work/design-a/COMP3601/dpimrefTest/mem_tester.vhd \
      EN work/mem_tester 1350133250
FL C:/Users/Sacha/work/design-a/COMP3601/dpimrefTest/top.vhd 2012/10/23.05:32:07 M.53d
EN work/top 1350976965 \
      FL C:/Users/Sacha/work/design-a/COMP3601/dpimrefTest/top.vhd \
      PB ieee/std_logic_1164 1270894585 PB ieee/STD_LOGIC_UNSIGNED 1270894587 \
      LB UNISIM PH unisim/VCOMPONENTS 1270894587
AR work/top/Structural 1350976966 \
      FL C:/Users/Sacha/work/design-a/COMP3601/dpimrefTest/top.vhd EN work/top 1350976965 \
      CP dpimref CP memory CP mem_filler
