V3 19
FL C:/Users/Sacha/work/COMP3601/dpimrefTest/dpimref.vhd 2012/08/27.22:23:01 M.53d
FL C:/Users/Sacha/work/COMP3601/dpimrefTest/memory.vhd 2012/08/27.22:27:33 M.53d
FL C:/Users/Sacha/work/COMP3601/dpimrefTest/mem_tester.vhd 2012/08/27.23:09:24 M.53d
FL C:/Users/Sacha/work/COMP3601/dpimrefTest/top.vhd 2012/08/27.22:22:54 M.53d
FL C:/Users/Sacha/work/design-a/COMP3601/dpimrefTest/dpimref.vhd 2012/09/19.18:52:44 M.53d
EN work/dpimref 1348044769 \
      FL C:/Users/Sacha/work/design-a/COMP3601/dpimrefTest/dpimref.vhd \
      PB ieee/std_logic_1164 1270894585 PB ieee/std_logic_arith 1270894586 \
      PB ieee/STD_LOGIC_UNSIGNED 1270894587
AR work/dpimref/Behavioral 1348044770 \
      FL C:/Users/Sacha/work/design-a/COMP3601/dpimrefTest/dpimref.vhd \
      EN work/dpimref 1348044769
FL C:/Users/Sacha/work/design-a/COMP3601/dpimrefTest/memory.vhd 2012/08/27.22:27:33 M.53d
EN work/memory 1348044771 \
      FL C:/Users/Sacha/work/design-a/COMP3601/dpimrefTest/memory.vhd \
      PB ieee/std_logic_1164 1270894585
AR work/memory/Behavioral 1348044772 \
      FL C:/Users/Sacha/work/design-a/COMP3601/dpimrefTest/memory.vhd \
      EN work/memory 1348044771
FL C:/Users/Sacha/work/design-a/COMP3601/dpimrefTest/mem_tester.vhd 2012/08/27.23:09:24 M.53d
EN work/mem_tester 1348015838 \
      FL C:/Users/Sacha/work/design-a/COMP3601/dpimrefTest/mem_tester.vhd \
      PB ieee/std_logic_1164 1270894585
AR work/mem_tester/Behavioral 1348015839 \
      FL C:/Users/Sacha/work/design-a/COMP3601/dpimrefTest/mem_tester.vhd \
      EN work/mem_tester 1348015838
FL C:/Users/Sacha/work/design-a/COMP3601/dpimrefTest/top.vhd 2012/09/19.10:58:32 M.53d
EN work/top 1348044773 \
      FL C:/Users/Sacha/work/design-a/COMP3601/dpimrefTest/top.vhd \
      PB ieee/std_logic_1164 1270894585 PB ieee/STD_LOGIC_UNSIGNED 1270894587 \
      LB UNISIM PH unisim/VCOMPONENTS 1270894587
AR work/top/Structural 1348044774 \
      FL C:/Users/Sacha/work/design-a/COMP3601/dpimrefTest/top.vhd EN work/top 1348044773 \
      CP dpimref CP memory
