V3 16
FL C:/Users/Sacha/work/COMP3601/dpimrefTest/dpimref.vhd 2012/08/27.22:23:01 M.53d
EN work/dpimref 1346072989 \
      FL C:/Users/Sacha/work/COMP3601/dpimrefTest/dpimref.vhd \
      PB ieee/std_logic_1164 1270894585 PB ieee/std_logic_arith 1270894586 \
      PB ieee/STD_LOGIC_UNSIGNED 1270894587
AR work/dpimref/Behavioral 1346072990 \
      FL C:/Users/Sacha/work/COMP3601/dpimrefTest/dpimref.vhd EN work/dpimref 1346072989
FL C:/Users/Sacha/work/COMP3601/dpimrefTest/memory.vhd 2012/08/27.22:27:33 M.53d
EN work/memory 1346072991 FL C:/Users/Sacha/work/COMP3601/dpimrefTest/memory.vhd \
      PB ieee/std_logic_1164 1270894585
AR work/memory/Behavioral 1346072992 \
      FL C:/Users/Sacha/work/COMP3601/dpimrefTest/memory.vhd EN work/memory 1346072991
FL C:/Users/Sacha/work/COMP3601/dpimrefTest/mem_tester.vhd 2012/08/27.23:09:24 M.53d
EN work/mem_tester 1346072993 \
      FL C:/Users/Sacha/work/COMP3601/dpimrefTest/mem_tester.vhd \
      PB ieee/std_logic_1164 1270894585
AR work/mem_tester/Behavioral 1346072994 \
      FL C:/Users/Sacha/work/COMP3601/dpimrefTest/mem_tester.vhd \
      EN work/mem_tester 1346072993
FL C:/Users/Sacha/work/COMP3601/dpimrefTest/top.vhd 2012/08/27.22:22:54 M.53d
EN work/top 1346072995 FL C:/Users/Sacha/work/COMP3601/dpimrefTest/top.vhd \
      PB ieee/std_logic_1164 1270894585 PB ieee/STD_LOGIC_UNSIGNED 1270894587 \
      LB UNISIM PH unisim/VCOMPONENTS 1270894587
AR work/top/Structural 1346072996 \
      FL C:/Users/Sacha/work/COMP3601/dpimrefTest/top.vhd EN work/top 1346072995 \
      CP dpimref CP memory CP mem_tester
