EN tester NULL H:/12s2/COMP3601/Project/integer_divider/tester.vhd sub00/vhpl02 1349600168
AR tester behavioral H:/12s2/COMP3601/Project/integer_divider/tester.vhd sub00/vhpl04 1349600169
AR integer_divider behavioral H:/12s2/COMP3601/Project/integer_divider/integer_divider.vhd sub00/vhpl01 1349600166
EN integer_divider NULL H:/12s2/COMP3601/Project/integer_divider/integer_divider.vhd sub00/vhpl00 1349600165
PH integer_divider_package NULL H:/12s2/COMP3601/Project/integer_divider/integer_divider.vhd sub00/vhpl03 1349600167
