V3 9
FL H:/12s2/COMP3601/Project/integer_divider/integer_divider.vhd 2012/10/07.19:55:51 O.61xd
EN work/integer_divider 1349600165 \
      FL H:/12s2/COMP3601/Project/integer_divider/integer_divider.vhd \
      PB ieee/std_logic_1164 1308643377 PB ieee/NUMERIC_STD 1308643378
AR work/integer_divider/Behavioral 1349600166 \
      FL H:/12s2/COMP3601/Project/integer_divider/integer_divider.vhd \
      EN work/integer_divider 1349600165
PH work/integer_divider_package 1349600167 \
      FL H:/12s2/COMP3601/Project/integer_divider/integer_divider.vhd \
      PB ieee/std_logic_1164 1308643377 PB ieee/NUMERIC_STD 1308643378 \
      CD integer_divider
FL H:/12s2/COMP3601/Project/integer_divider/tester.vhd 2012/10/07.19:50:24 O.61xd
EN work/tester 1349600168 FL H:/12s2/COMP3601/Project/integer_divider/tester.vhd \
      PB ieee/std_logic_1164 1308643377 PB ieee/NUMERIC_STD 1308643378 \
      PB ieee/std_logic_arith 1308643378 PH work/integer_divider_package 1349600167
AR work/tester/Behavioral 1349600169 \
      FL H:/12s2/COMP3601/Project/integer_divider/tester.vhd EN work/tester 1349600168 \
      CP integer_divider
