Release 13.2 - xst O.61xd (nt)
Copyright (c) 1995-2011 Xilinx, Inc.  All rights reserved.
--> Parameter TMPDIR set to xst/projnav.tmp


Total REAL time to Xst completion: 0.00 secs
Total CPU time to Xst completion: 0.15 secs
 
--> Parameter xsthdpdir set to xst


Total REAL time to Xst completion: 0.00 secs
Total CPU time to Xst completion: 0.15 secs
 
--> Reading design: sensor.prj

TABLE OF CONTENTS
  1) Synthesis Options Summary
  2) HDL Compilation
  3) Design Hierarchy Analysis
  4) HDL Analysis
  5) HDL Synthesis
     5.1) HDL Synthesis Report
  6) Advanced HDL Synthesis
     6.1) Advanced HDL Synthesis Report
  7) Low Level Synthesis
  8) Partition Report
  9) Final Report
	9.1) Device utilization summary
	9.2) Partition Resource Summary
	9.3) TIMING REPORT


=========================================================================
*                      Synthesis Options Summary                        *
=========================================================================
---- Source Parameters
Input File Name                    : "sensor.prj"
Input Format                       : mixed
Ignore Synthesis Constraint File   : NO

---- Target Parameters
Output File Name                   : "sensor"
Output Format                      : NGC
Target Device                      : xc3s400-5-ft256

---- Source Options
Top Module Name                    : sensor
Automatic FSM Extraction           : YES
FSM Encoding Algorithm             : Auto
Safe Implementation                : No
FSM Style                          : LUT
RAM Extraction                     : Yes
RAM Style                          : Auto
ROM Extraction                     : Yes
Mux Style                          : Auto
Decoder Extraction                 : YES
Priority Encoder Extraction        : Yes
Shift Register Extraction          : YES
Logical Shifter Extraction         : YES
XOR Collapsing                     : YES
ROM Style                          : Auto
Mux Extraction                     : Yes
Resource Sharing                   : YES
Asynchronous To Synchronous        : NO
Multiplier Style                   : Auto
Automatic Register Balancing       : No

---- Target Options
Add IO Buffers                     : YES
Global Maximum Fanout              : 500
Add Generic Clock Buffer(BUFG)     : 8
Register Duplication               : YES
Slice Packing                      : YES
Optimize Instantiated Primitives   : NO
Use Clock Enable                   : Yes
Use Synchronous Set                : Yes
Use Synchronous Reset              : Yes
Pack IO Registers into IOBs        : Auto
Equivalent register Removal        : YES

---- General Options
Optimization Goal                  : Speed
Optimization Effort                : 1
Keep Hierarchy                     : No
Netlist Hierarchy                  : As_Optimized
RTL Output                         : Yes
Global Optimization                : AllClockNets
Read Cores                         : YES
Write Timing Constraints           : NO
Cross Clock Analysis               : NO
Hierarchy Separator                : /
Bus Delimiter                      : <>
Case Specifier                     : Maintain
Slice Utilization Ratio            : 100
BRAM Utilization Ratio             : 100
Verilog 2001                       : YES
Auto BRAM Packing                  : NO
Slice Utilization Ratio Delta      : 5

=========================================================================


=========================================================================
*                          HDL Compilation                              *
=========================================================================
Compiling vhdl file "H:/12s2/COMP3601/sensor/integer_divider.vhd" in Library work.
Architecture behaviour of Entity integer_divider is up to date.
Compiling vhdl file "H:/12s2/COMP3601/sensor/display.vhd" in Library work.
Architecture behavioral of Entity display is up to date.
Compiling vhdl file "H:/12s2/COMP3601/sensor/pulse_decoder.vhd" in Library work.
Architecture behavioral of Entity pulse_decoder is up to date.
Compiling vhdl file "H:/12s2/COMP3601/sensor/sensor.vhd" in Library work.
Entity <sensor> compiled.
Entity <sensor> (Architecture <behavioral>) compiled.

=========================================================================
*                     Design Hierarchy Analysis                         *
=========================================================================
Analyzing hierarchy for entity <sensor> in library <work> (architecture <behavioral>).

Analyzing hierarchy for entity <integer_divider> in library <work> (architecture <behaviour>).

Analyzing hierarchy for entity <display> in library <work> (architecture <behavioral>).

Analyzing hierarchy for entity <pulse_decoder> in library <work> (architecture <behavioral>).

Analyzing hierarchy for entity <integer_divider> in library <work> (architecture <behaviour>).

Analyzing hierarchy for entity <integer_divider> in library <work> (architecture <behaviour>).

Analyzing hierarchy for entity <integer_divider> in library <work> (architecture <behaviour>).


=========================================================================
*                            HDL Analysis                               *
=========================================================================
Analyzing Entity <sensor> in library <work> (Architecture <behavioral>).
WARNING:Xst:1610 - "H:/12s2/COMP3601/sensor/sensor.vhd" line 130: Width mismatch. <dataPulseLengths> has a width of 1280 bits but assigned expression is 40-bit wide.
INFO:Xst:1432 - Contents of array <dataPulseLengths> may be accessed with a negative index, causing simulation mismatch.
INFO:Xst:1433 - Contents of array <dataPulseLengths> may be accessed with an index that exceeds the array size. This could cause simulation mismatch.
INFO:Xst:1432 - Contents of array <dataPulseLengths> may be accessed with a negative index, causing simulation mismatch.
INFO:Xst:1433 - Contents of array <dataPulseLengths> may be accessed with an index that exceeds the array size. This could cause simulation mismatch.
WARNING:Xst:819 - "H:/12s2/COMP3601/sensor/sensor.vhd" line 158: One or more signals are missing in the process sensitivity list. To enable synthesis of FPGA/CPLD hardware, XST will assume that all necessary signals are present in the sensitivity list. Please note that the result of the synthesis may differ from the initial design specification. The missing signals are:
   <currentState>
Entity <sensor> analyzed. Unit <sensor> generated.

Analyzing Entity <integer_divider> in library <work> (Architecture <behaviour>).
Entity <integer_divider> analyzed. Unit <integer_divider> generated.

Analyzing Entity <display> in library <work> (Architecture <behavioral>).
Entity <display> analyzed. Unit <display> generated.

Analyzing Entity <pulse_decoder> in library <work> (Architecture <behavioral>).
Entity <pulse_decoder> analyzed. Unit <pulse_decoder> generated.


=========================================================================
*                           HDL Synthesis                               *
=========================================================================

Performing bidirectional port resolution...

Synthesizing Unit <integer_divider>.
    Related source file is "H:/12s2/COMP3601/sensor/integer_divider.vhd".
    Found 32-bit register for signal <quotient>.
    Found 32-bit register for signal <remainder>.
    Found 1-bit register for signal <done>.
    Found 32-bit register for signal <numerator>.
    Found 32-bit adder for signal <numerator$add0000> created at line 42.
    Found 32-bit adder for signal <numerator$addsub0000> created at line 35.
    Found 32-bit comparator equal for signal <numerator$cmp_eq0000> created at line 42.
    Found 32-bit comparator less for signal <numerator$cmp_lt0000> created at line 34.
    Found 32-bit subtractor for signal <numerator$sub0000> created at line 34.
    Found 32-bit adder for signal <quotient$addsub0000> created at line 36.
    Found 32-bit comparator greatequal for signal <remainder$cmp_ge0000> created at line 34.
    Summary:
	inferred  97 D-type flip-flop(s).
	inferred   4 Adder/Subtractor(s).
	inferred   3 Comparator(s).
Unit <integer_divider> synthesized.


Synthesizing Unit <pulse_decoder>.
    Related source file is "H:/12s2/COMP3601/sensor/pulse_decoder.vhd".
WARNING:Xst:737 - Found 1-bit latch for signal <bitValue>. Latches may be generated from incomplete case or if statements. We do not recommend the use of latches in FPGA/CPLD designs, as they may lead to timing problems.
    Found 32-bit comparator greater for signal <bitValid$cmp_gt0000> created at line 24.
    Found 32-bit comparator greater for signal <bitValid$cmp_gt0001> created at line 26.
    Found 32-bit comparator less for signal <bitValid$cmp_lt0000> created at line 24.
    Found 32-bit comparator less for signal <bitValid$cmp_lt0001> created at line 26.
    Summary:
	inferred   4 Comparator(s).
Unit <pulse_decoder> synthesized.


Synthesizing Unit <display>.
    Related source file is "H:/12s2/COMP3601/sensor/display.vhd".
    Found 4-bit register for signal <an>.
    Found 32-bit up counter for signal <counter>.
    Found 32-bit comparator greater for signal <counter$cmp_gt0000> created at line 65.
    Found 32-bit register for signal <digit>.
    Summary:
	inferred   1 Counter(s).
	inferred  36 D-type flip-flop(s).
	inferred   1 Comparator(s).
Unit <display> synthesized.


Synthesizing Unit <sensor>.
    Related source file is "H:/12s2/COMP3601/sensor/sensor.vhd".
WARNING:Xst:1306 - Output <temperature> is never assigned.
WARNING:Xst:647 - Input <selectVar> is never used. This port will be preserved and left unconnected if it belongs to a top-level block or it belongs to a sub-block and the hierarchy of this sub-block is preserved.
WARNING:Xst:1306 - Output <humidity> is never assigned.
WARNING:Xst:1780 - Signal <dataValid> is never used or assigned. This unconnected signal will be trimmed during the optimization process.
WARNING:Xst:646 - Signal <dataPulseLengthsValid> is assigned but never used. This unconnected signal will be trimmed during the optimization process.
WARNING:Xst:646 - Signal <calculatedChecksum> is assigned but never used. This unconnected signal will be trimmed during the optimization process.
WARNING:Xst:646 - Signal <actualChecksum> is assigned but never used. This unconnected signal will be trimmed during the optimization process.
    Using one-hot encoding for signal <currentState>.
INFO:Xst:2117 - HDL ADVISOR - Mux Selector <currentState> of Case statement line 0 was re-encoded using one-hot encoding. The case statement will be optimized (default statement optimization), but this optimization may lead to design initialization problems. To ensure the design works safely, you can:
   	- add an 'INIT' attribute on signal <currentState> (optimization is then done without any risk)
   	- use the attribute 'signal_encoding user' to avoid onehot optimization
   	- use the attribute 'safe_implementation yes' to force XST to perform a safe (but less efficient) optimization
    Using one-hot encoding for signal <enableState>.
    Found 1-bit tristate buffer for signal <owdata>.
    Found 9-bit register for signal <currentState>.
    Found 32-bit up counter for signal <dataIndex>.
    Found 32-bit up counter for signal <dataPulseLengths>.
    Found 32-bit comparator greater for signal <nextState$cmp_gt0000> created at line 179.
    Found 32-bit up counter for signal <preparationLength>.
    Found 32-bit up counter for signal <presenceLength>.
    Found 32-bit up counter for signal <sendingLength>.
    Found 32-bit up counter for signal <waitingLength>.
    Summary:
	inferred  45 Counter(s).
	inferred   1 Comparator(s).
	inferred   1 Tristate(s).
Unit <sensor> synthesized.


=========================================================================
HDL Synthesis Report

Macro Statistics
# Adders/Subtractors                                   : 20
 32-bit adder                                          : 15
 32-bit subtractor                                     : 5
# Counters                                             : 43
 32-bit up counter                                     : 43
# Registers                                            : 26
 1-bit register                                        : 9
 32-bit register                                       : 16
 9-bit register                                        : 1
# Latches                                              : 40
 1-bit latch                                           : 40
# Comparators                                          : 177
 32-bit comparator equal                               : 5
 32-bit comparator greatequal                          : 5
 32-bit comparator greater                             : 82
 32-bit comparator less                                : 85
# Tristates                                            : 1
 1-bit tristate buffer                                 : 1

=========================================================================

=========================================================================
*                       Advanced HDL Synthesis                          *
=========================================================================

WARNING:Xst:1290 - Hierarchical block <chkBin7> is unconnected in block <sensor>.
   It will be removed from the design.
WARNING:Xst:1290 - Hierarchical block <chkBin6> is unconnected in block <sensor>.
   It will be removed from the design.
WARNING:Xst:1290 - Hierarchical block <chkBin5> is unconnected in block <sensor>.
   It will be removed from the design.
WARNING:Xst:1290 - Hierarchical block <chkBin4> is unconnected in block <sensor>.
   It will be removed from the design.
WARNING:Xst:1290 - Hierarchical block <chkBin3> is unconnected in block <sensor>.
   It will be removed from the design.
WARNING:Xst:1290 - Hierarchical block <chkBin2> is unconnected in block <sensor>.
   It will be removed from the design.
WARNING:Xst:1290 - Hierarchical block <chkBin1> is unconnected in block <sensor>.
   It will be removed from the design.
WARNING:Xst:1290 - Hierarchical block <chkBin0> is unconnected in block <sensor>.
   It will be removed from the design.

=========================================================================
Advanced HDL Synthesis Report

Macro Statistics
# Adders/Subtractors                                   : 20
 32-bit adder                                          : 15
 32-bit subtractor                                     : 5
# Counters                                             : 43
 32-bit up counter                                     : 43
# Registers                                            : 530
 Flip-Flops                                            : 530
# Latches                                              : 40
 1-bit latch                                           : 40
# Comparators                                          : 177
 32-bit comparator equal                               : 5
 32-bit comparator greatequal                          : 5
 32-bit comparator greater                             : 82
 32-bit comparator less                                : 85

=========================================================================

=========================================================================
*                         Low Level Synthesis                           *
=========================================================================
WARNING:Xst:2677 - Node <currentState_8> of sequential type is unconnected in block <sensor>.

Optimizing unit <sensor> ...

Optimizing unit <integer_divider> ...

Optimizing unit <pulse_decoder> ...

Optimizing unit <display> ...
WARNING:Xst:2677 - Node <dataPulseLengths_32_0> of sequential type is unconnected in block <sensor>.
WARNING:Xst:2677 - Node <dataPulseLengths_32_1> of sequential type is unconnected in block <sensor>.
WARNING:Xst:2677 - Node <dataPulseLengths_32_2> of sequential type is unconnected in block <sensor>.
WARNING:Xst:2677 - Node <dataPulseLengths_32_3> of sequential type is unconnected in block <sensor>.
WARNING:Xst:2677 - Node <dataPulseLengths_32_4> of sequential type is unconnected in block <sensor>.
WARNING:Xst:2677 - Node <dataPulseLengths_32_5> of sequential type is unconnected in block <sensor>.
WARNING:Xst:2677 - Node <dataPulseLengths_32_6> of sequential type is unconnected in block <sensor>.
WARNING:Xst:2677 - Node <dataPulseLengths_32_7> of sequential type is unconnected in block <sensor>.
WARNING:Xst:2677 - Node <dataPulseLengths_32_8> of sequential type is unconnected in block <sensor>.
WARNING:Xst:2677 - Node <dataPulseLengths_32_9> of sequential type is unconnected in block <sensor>.
WARNING:Xst:2677 - Node <dataPulseLengths_32_10> of sequential type is unconnected in block <sensor>.
WARNING:Xst:2677 - Node <dataPulseLengths_32_11> of sequential type is unconnected in block <sensor>.
WARNING:Xst:2677 - Node <dataPulseLengths_32_12> of sequential type is unconnected in block <sensor>.
WARNING:Xst:2677 - Node <dataPulseLengths_32_13> of sequential type is unconnected in block <sensor>.
WARNING:Xst:2677 - Node <dataPulseLengths_32_14> of sequential type is unconnected in block <sensor>.
WARNING:Xst:2677 - Node <dataPulseLengths_32_15> of sequential type is unconnected in block <sensor>.
WARNING:Xst:2677 - Node <dataPulseLengths_32_16> of sequential type is unconnected in block <sensor>.
WARNING:Xst:2677 - Node <dataPulseLengths_32_17> of sequential type is unconnected in block <sensor>.
WARNING:Xst:2677 - Node <dataPulseLengths_32_18> of sequential type is unconnected in block <sensor>.
WARNING:Xst:2677 - Node <dataPulseLengths_32_19> of sequential type is unconnected in block <sensor>.
WARNING:Xst:2677 - Node <dataPulseLengths_32_20> of sequential type is unconnected in block <sensor>.
WARNING:Xst:2677 - Node <dataPulseLengths_32_21> of sequential type is unconnected in block <sensor>.
WARNING:Xst:2677 - Node <dataPulseLengths_32_22> of sequential type is unconnected in block <sensor>.
WARNING:Xst:2677 - Node <dataPulseLengths_32_23> of sequential type is unconnected in block <sensor>.
WARNING:Xst:2677 - Node <dataPulseLengths_32_24> of sequential type is unconnected in block <sensor>.
WARNING:Xst:2677 - Node <dataPulseLengths_32_25> of sequential type is unconnected in block <sensor>.
WARNING:Xst:2677 - Node <dataPulseLengths_32_26> of sequential type is unconnected in block <sensor>.
WARNING:Xst:2677 - Node <dataPulseLengths_32_27> of sequential type is unconnected in block <sensor>.
WARNING:Xst:2677 - Node <dataPulseLengths_32_28> of sequential type is unconnected in block <sensor>.
WARNING:Xst:2677 - Node <dataPulseLengths_32_29> of sequential type is unconnected in block <sensor>.
WARNING:Xst:2677 - Node <dataPulseLengths_32_30> of sequential type is unconnected in block <sensor>.
WARNING:Xst:2677 - Node <dataPulseLengths_32_31> of sequential type is unconnected in block <sensor>.
WARNING:Xst:2677 - Node <dataPulseLengths_34_0> of sequential type is unconnected in block <sensor>.
WARNING:Xst:2677 - Node <dataPulseLengths_34_1> of sequential type is unconnected in block <sensor>.
WARNING:Xst:2677 - Node <dataPulseLengths_34_2> of sequential type is unconnected in block <sensor>.
WARNING:Xst:2677 - Node <dataPulseLengths_34_3> of sequential type is unconnected in block <sensor>.
WARNING:Xst:2677 - Node <dataPulseLengths_34_4> of sequential type is unconnected in block <sensor>.
WARNING:Xst:2677 - Node <dataPulseLengths_34_5> of sequential type is unconnected in block <sensor>.
WARNING:Xst:2677 - Node <dataPulseLengths_34_6> of sequential type is unconnected in block <sensor>.
WARNING:Xst:2677 - Node <dataPulseLengths_34_7> of sequential type is unconnected in block <sensor>.
WARNING:Xst:2677 - Node <dataPulseLengths_34_8> of sequential type is unconnected in block <sensor>.
WARNING:Xst:2677 - Node <dataPulseLengths_34_9> of sequential type is unconnected in block <sensor>.
WARNING:Xst:2677 - Node <dataPulseLengths_34_10> of sequential type is unconnected in block <sensor>.
WARNING:Xst:2677 - Node <dataPulseLengths_34_11> of sequential type is unconnected in block <sensor>.
WARNING:Xst:2677 - Node <dataPulseLengths_34_12> of sequential type is unconnected in block <sensor>.
WARNING:Xst:2677 - Node <dataPulseLengths_34_13> of sequential type is unconnected in block <sensor>.
WARNING:Xst:2677 - Node <dataPulseLengths_34_14> of sequential type is unconnected in block <sensor>.
WARNING:Xst:2677 - Node <dataPulseLengths_34_15> of sequential type is unconnected in block <sensor>.
WARNING:Xst:2677 - Node <dataPulseLengths_34_16> of sequential type is unconnected in block <sensor>.
WARNING:Xst:2677 - Node <dataPulseLengths_34_17> of sequential type is unconnected in block <sensor>.
WARNING:Xst:2677 - Node <dataPulseLengths_34_18> of sequential type is unconnected in block <sensor>.
WARNING:Xst:2677 - Node <dataPulseLengths_34_19> of sequential type is unconnected in block <sensor>.
WARNING:Xst:2677 - Node <dataPulseLengths_34_20> of sequential type is unconnected in block <sensor>.
WARNING:Xst:2677 - Node <dataPulseLengths_34_21> of sequential type is unconnected in block <sensor>.
WARNING:Xst:2677 - Node <dataPulseLengths_34_22> of sequential type is unconnected in block <sensor>.
WARNING:Xst:2677 - Node <dataPulseLengths_34_23> of sequential type is unconnected in block <sensor>.
WARNING:Xst:2677 - Node <dataPulseLengths_34_24> of sequential type is unconnected in block <sensor>.
WARNING:Xst:2677 - Node <dataPulseLengths_34_25> of sequential type is unconnected in block <sensor>.
WARNING:Xst:2677 - Node <dataPulseLengths_34_26> of sequential type is unconnected in block <sensor>.
WARNING:Xst:2677 - Node <dataPulseLengths_34_27> of sequential type is unconnected in block <sensor>.
WARNING:Xst:2677 - Node <dataPulseLengths_34_28> of sequential type is unconnected in block <sensor>.
WARNING:Xst:2677 - Node <dataPulseLengths_34_29> of sequential type is unconnected in block <sensor>.
WARNING:Xst:2677 - Node <dataPulseLengths_34_30> of sequential type is unconnected in block <sensor>.
WARNING:Xst:2677 - Node <dataPulseLengths_34_31> of sequential type is unconnected in block <sensor>.
WARNING:Xst:2677 - Node <dataPulseLengths_33_0> of sequential type is unconnected in block <sensor>.
WARNING:Xst:2677 - Node <dataPulseLengths_33_1> of sequential type is unconnected in block <sensor>.
WARNING:Xst:2677 - Node <dataPulseLengths_33_2> of sequential type is unconnected in block <sensor>.
WARNING:Xst:2677 - Node <dataPulseLengths_33_3> of sequential type is unconnected in block <sensor>.
WARNING:Xst:2677 - Node <dataPulseLengths_33_4> of sequential type is unconnected in block <sensor>.
WARNING:Xst:2677 - Node <dataPulseLengths_33_5> of sequential type is unconnected in block <sensor>.
WARNING:Xst:2677 - Node <dataPulseLengths_33_6> of sequential type is unconnected in block <sensor>.
WARNING:Xst:2677 - Node <dataPulseLengths_33_7> of sequential type is unconnected in block <sensor>.
WARNING:Xst:2677 - Node <dataPulseLengths_33_8> of sequential type is unconnected in block <sensor>.
WARNING:Xst:2677 - Node <dataPulseLengths_33_9> of sequential type is unconnected in block <sensor>.
WARNING:Xst:2677 - Node <dataPulseLengths_33_10> of sequential type is unconnected in block <sensor>.
WARNING:Xst:2677 - Node <dataPulseLengths_33_11> of sequential type is unconnected in block <sensor>.
WARNING:Xst:2677 - Node <dataPulseLengths_33_12> of sequential type is unconnected in block <sensor>.
WARNING:Xst:2677 - Node <dataPulseLengths_33_13> of sequential type is unconnected in block <sensor>.
WARNING:Xst:2677 - Node <dataPulseLengths_33_14> of sequential type is unconnected in block <sensor>.
WARNING:Xst:2677 - Node <dataPulseLengths_33_15> of sequential type is unconnected in block <sensor>.
WARNING:Xst:2677 - Node <dataPulseLengths_33_16> of sequential type is unconnected in block <sensor>.
WARNING:Xst:2677 - Node <dataPulseLengths_33_17> of sequential type is unconnected in block <sensor>.
WARNING:Xst:2677 - Node <dataPulseLengths_33_18> of sequential type is unconnected in block <sensor>.
WARNING:Xst:2677 - Node <dataPulseLengths_33_19> of sequential type is unconnected in block <sensor>.
WARNING:Xst:2677 - Node <dataPulseLengths_33_20> of sequential type is unconnected in block <sensor>.
WARNING:Xst:2677 - Node <dataPulseLengths_33_21> of sequential type is unconnected in block <sensor>.
WARNING:Xst:2677 - Node <dataPulseLengths_33_22> of sequential type is unconnected in block <sensor>.
WARNING:Xst:2677 - Node <dataPulseLengths_33_23> of sequential type is unconnected in block <sensor>.
WARNING:Xst:2677 - Node <dataPulseLengths_33_24> of sequential type is unconnected in block <sensor>.
WARNING:Xst:2677 - Node <dataPulseLengths_33_25> of sequential type is unconnected in block <sensor>.
WARNING:Xst:2677 - Node <dataPulseLengths_33_26> of sequential type is unconnected in block <sensor>.
WARNING:Xst:2677 - Node <dataPulseLengths_33_27> of sequential type is unconnected in block <sensor>.
WARNING:Xst:2677 - Node <dataPulseLengths_33_28> of sequential type is unconnected in block <sensor>.
WARNING:Xst:2677 - Node <dataPulseLengths_33_29> of sequential type is unconnected in block <sensor>.
WARNING:Xst:2677 - Node <dataPulseLengths_33_30> of sequential type is unconnected in block <sensor>.
WARNING:Xst:2677 - Node <dataPulseLengths_33_31> of sequential type is unconnected in block <sensor>.
WARNING:Xst:2677 - Node <dataPulseLengths_35_0> of sequential type is unconnected in block <sensor>.
WARNING:Xst:2677 - Node <dataPulseLengths_35_1> of sequential type is unconnected in block <sensor>.
WARNING:Xst:2677 - Node <dataPulseLengths_35_2> of sequential type is unconnected in block <sensor>.
WARNING:Xst:2677 - Node <dataPulseLengths_35_3> of sequential type is unconnected in block <sensor>.
WARNING:Xst:2677 - Node <dataPulseLengths_35_4> of sequential type is unconnected in block <sensor>.
WARNING:Xst:2677 - Node <dataPulseLengths_35_5> of sequential type is unconnected in block <sensor>.
WARNING:Xst:2677 - Node <dataPulseLengths_35_6> of sequential type is unconnected in block <sensor>.
WARNING:Xst:2677 - Node <dataPulseLengths_35_7> of sequential type is unconnected in block <sensor>.
WARNING:Xst:2677 - Node <dataPulseLengths_35_8> of sequential type is unconnected in block <sensor>.
WARNING:Xst:2677 - Node <dataPulseLengths_35_9> of sequential type is unconnected in block <sensor>.
WARNING:Xst:2677 - Node <dataPulseLengths_35_10> of sequential type is unconnected in block <sensor>.
WARNING:Xst:2677 - Node <dataPulseLengths_35_11> of sequential type is unconnected in block <sensor>.
WARNING:Xst:2677 - Node <dataPulseLengths_35_12> of sequential type is unconnected in block <sensor>.
WARNING:Xst:2677 - Node <dataPulseLengths_35_13> of sequential type is unconnected in block <sensor>.
WARNING:Xst:2677 - Node <dataPulseLengths_35_14> of sequential type is unconnected in block <sensor>.
WARNING:Xst:2677 - Node <dataPulseLengths_35_15> of sequential type is unconnected in block <sensor>.
WARNING:Xst:2677 - Node <dataPulseLengths_35_16> of sequential type is unconnected in block <sensor>.
WARNING:Xst:2677 - Node <dataPulseLengths_35_17> of sequential type is unconnected in block <sensor>.
WARNING:Xst:2677 - Node <dataPulseLengths_35_18> of sequential type is unconnected in block <sensor>.
WARNING:Xst:2677 - Node <dataPulseLengths_35_19> of sequential type is unconnected in block <sensor>.
WARNING:Xst:2677 - Node <dataPulseLengths_35_20> of sequential type is unconnected in block <sensor>.
WARNING:Xst:2677 - Node <dataPulseLengths_35_21> of sequential type is unconnected in block <sensor>.
WARNING:Xst:2677 - Node <dataPulseLengths_35_22> of sequential type is unconnected in block <sensor>.
WARNING:Xst:2677 - Node <dataPulseLengths_35_23> of sequential type is unconnected in block <sensor>.
WARNING:Xst:2677 - Node <dataPulseLengths_35_24> of sequential type is unconnected in block <sensor>.
WARNING:Xst:2677 - Node <dataPulseLengths_35_25> of sequential type is unconnected in block <sensor>.
WARNING:Xst:2677 - Node <dataPulseLengths_35_26> of sequential type is unconnected in block <sensor>.
WARNING:Xst:2677 - Node <dataPulseLengths_35_27> of sequential type is unconnected in block <sensor>.
WARNING:Xst:2677 - Node <dataPulseLengths_35_28> of sequential type is unconnected in block <sensor>.
WARNING:Xst:2677 - Node <dataPulseLengths_35_29> of sequential type is unconnected in block <sensor>.
WARNING:Xst:2677 - Node <dataPulseLengths_35_30> of sequential type is unconnected in block <sensor>.
WARNING:Xst:2677 - Node <dataPulseLengths_35_31> of sequential type is unconnected in block <sensor>.
WARNING:Xst:2677 - Node <dataPulseLengths_37_0> of sequential type is unconnected in block <sensor>.
WARNING:Xst:2677 - Node <dataPulseLengths_37_1> of sequential type is unconnected in block <sensor>.
WARNING:Xst:2677 - Node <dataPulseLengths_37_2> of sequential type is unconnected in block <sensor>.
WARNING:Xst:2677 - Node <dataPulseLengths_37_3> of sequential type is unconnected in block <sensor>.
WARNING:Xst:2677 - Node <dataPulseLengths_37_4> of sequential type is unconnected in block <sensor>.
WARNING:Xst:2677 - Node <dataPulseLengths_37_5> of sequential type is unconnected in block <sensor>.
WARNING:Xst:2677 - Node <dataPulseLengths_37_6> of sequential type is unconnected in block <sensor>.
WARNING:Xst:2677 - Node <dataPulseLengths_37_7> of sequential type is unconnected in block <sensor>.
WARNING:Xst:2677 - Node <dataPulseLengths_37_8> of sequential type is unconnected in block <sensor>.
WARNING:Xst:2677 - Node <dataPulseLengths_37_9> of sequential type is unconnected in block <sensor>.
WARNING:Xst:2677 - Node <dataPulseLengths_37_10> of sequential type is unconnected in block <sensor>.
WARNING:Xst:2677 - Node <dataPulseLengths_37_11> of sequential type is unconnected in block <sensor>.
WARNING:Xst:2677 - Node <dataPulseLengths_37_12> of sequential type is unconnected in block <sensor>.
WARNING:Xst:2677 - Node <dataPulseLengths_37_13> of sequential type is unconnected in block <sensor>.
WARNING:Xst:2677 - Node <dataPulseLengths_37_14> of sequential type is unconnected in block <sensor>.
WARNING:Xst:2677 - Node <dataPulseLengths_37_15> of sequential type is unconnected in block <sensor>.
WARNING:Xst:2677 - Node <dataPulseLengths_37_16> of sequential type is unconnected in block <sensor>.
WARNING:Xst:2677 - Node <dataPulseLengths_37_17> of sequential type is unconnected in block <sensor>.
WARNING:Xst:2677 - Node <dataPulseLengths_37_18> of sequential type is unconnected in block <sensor>.
WARNING:Xst:2677 - Node <dataPulseLengths_37_19> of sequential type is unconnected in block <sensor>.
WARNING:Xst:2677 - Node <dataPulseLengths_37_20> of sequential type is unconnected in block <sensor>.
WARNING:Xst:2677 - Node <dataPulseLengths_37_21> of sequential type is unconnected in block <sensor>.
WARNING:Xst:2677 - Node <dataPulseLengths_37_22> of sequential type is unconnected in block <sensor>.
WARNING:Xst:2677 - Node <dataPulseLengths_37_23> of sequential type is unconnected in block <sensor>.
WARNING:Xst:2677 - Node <dataPulseLengths_37_24> of sequential type is unconnected in block <sensor>.
WARNING:Xst:2677 - Node <dataPulseLengths_37_25> of sequential type is unconnected in block <sensor>.
WARNING:Xst:2677 - Node <dataPulseLengths_37_26> of sequential type is unconnected in block <sensor>.
WARNING:Xst:2677 - Node <dataPulseLengths_37_27> of sequential type is unconnected in block <sensor>.
WARNING:Xst:2677 - Node <dataPulseLengths_37_28> of sequential type is unconnected in block <sensor>.
WARNING:Xst:2677 - Node <dataPulseLengths_37_29> of sequential type is unconnected in block <sensor>.
WARNING:Xst:2677 - Node <dataPulseLengths_37_30> of sequential type is unconnected in block <sensor>.
WARNING:Xst:2677 - Node <dataPulseLengths_37_31> of sequential type is unconnected in block <sensor>.
WARNING:Xst:2677 - Node <dataPulseLengths_36_0> of sequential type is unconnected in block <sensor>.
WARNING:Xst:2677 - Node <dataPulseLengths_36_1> of sequential type is unconnected in block <sensor>.
WARNING:Xst:2677 - Node <dataPulseLengths_36_2> of sequential type is unconnected in block <sensor>.
WARNING:Xst:2677 - Node <dataPulseLengths_36_3> of sequential type is unconnected in block <sensor>.
WARNING:Xst:2677 - Node <dataPulseLengths_36_4> of sequential type is unconnected in block <sensor>.
WARNING:Xst:2677 - Node <dataPulseLengths_36_5> of sequential type is unconnected in block <sensor>.
WARNING:Xst:2677 - Node <dataPulseLengths_36_6> of sequential type is unconnected in block <sensor>.
WARNING:Xst:2677 - Node <dataPulseLengths_36_7> of sequential type is unconnected in block <sensor>.
WARNING:Xst:2677 - Node <dataPulseLengths_36_8> of sequential type is unconnected in block <sensor>.
WARNING:Xst:2677 - Node <dataPulseLengths_36_9> of sequential type is unconnected in block <sensor>.
WARNING:Xst:2677 - Node <dataPulseLengths_36_10> of sequential type is unconnected in block <sensor>.
WARNING:Xst:2677 - Node <dataPulseLengths_36_11> of sequential type is unconnected in block <sensor>.
WARNING:Xst:2677 - Node <dataPulseLengths_36_12> of sequential type is unconnected in block <sensor>.
WARNING:Xst:2677 - Node <dataPulseLengths_36_13> of sequential type is unconnected in block <sensor>.
WARNING:Xst:2677 - Node <dataPulseLengths_36_14> of sequential type is unconnected in block <sensor>.
WARNING:Xst:2677 - Node <dataPulseLengths_36_15> of sequential type is unconnected in block <sensor>.
WARNING:Xst:2677 - Node <dataPulseLengths_36_16> of sequential type is unconnected in block <sensor>.
WARNING:Xst:2677 - Node <dataPulseLengths_36_17> of sequential type is unconnected in block <sensor>.
WARNING:Xst:2677 - Node <dataPulseLengths_36_18> of sequential type is unconnected in block <sensor>.
WARNING:Xst:2677 - Node <dataPulseLengths_36_19> of sequential type is unconnected in block <sensor>.
WARNING:Xst:2677 - Node <dataPulseLengths_36_20> of sequential type is unconnected in block <sensor>.
WARNING:Xst:2677 - Node <dataPulseLengths_36_21> of sequential type is unconnected in block <sensor>.
WARNING:Xst:2677 - Node <dataPulseLengths_36_22> of sequential type is unconnected in block <sensor>.
WARNING:Xst:2677 - Node <dataPulseLengths_36_23> of sequential type is unconnected in block <sensor>.
WARNING:Xst:2677 - Node <dataPulseLengths_36_24> of sequential type is unconnected in block <sensor>.
WARNING:Xst:2677 - Node <dataPulseLengths_36_25> of sequential type is unconnected in block <sensor>.
WARNING:Xst:2677 - Node <dataPulseLengths_36_26> of sequential type is unconnected in block <sensor>.
WARNING:Xst:2677 - Node <dataPulseLengths_36_27> of sequential type is unconnected in block <sensor>.
WARNING:Xst:2677 - Node <dataPulseLengths_36_28> of sequential type is unconnected in block <sensor>.
WARNING:Xst:2677 - Node <dataPulseLengths_36_29> of sequential type is unconnected in block <sensor>.
WARNING:Xst:2677 - Node <dataPulseLengths_36_30> of sequential type is unconnected in block <sensor>.
WARNING:Xst:2677 - Node <dataPulseLengths_36_31> of sequential type is unconnected in block <sensor>.
WARNING:Xst:2677 - Node <dataPulseLengths_38_0> of sequential type is unconnected in block <sensor>.
WARNING:Xst:2677 - Node <dataPulseLengths_38_1> of sequential type is unconnected in block <sensor>.
WARNING:Xst:2677 - Node <dataPulseLengths_38_2> of sequential type is unconnected in block <sensor>.
WARNING:Xst:2677 - Node <dataPulseLengths_38_3> of sequential type is unconnected in block <sensor>.
WARNING:Xst:2677 - Node <dataPulseLengths_38_4> of sequential type is unconnected in block <sensor>.
WARNING:Xst:2677 - Node <dataPulseLengths_38_5> of sequential type is unconnected in block <sensor>.
WARNING:Xst:2677 - Node <dataPulseLengths_38_6> of sequential type is unconnected in block <sensor>.
WARNING:Xst:2677 - Node <dataPulseLengths_38_7> of sequential type is unconnected in block <sensor>.
WARNING:Xst:2677 - Node <dataPulseLengths_38_8> of sequential type is unconnected in block <sensor>.
WARNING:Xst:2677 - Node <dataPulseLengths_38_9> of sequential type is unconnected in block <sensor>.
WARNING:Xst:2677 - Node <dataPulseLengths_38_10> of sequential type is unconnected in block <sensor>.
WARNING:Xst:2677 - Node <dataPulseLengths_38_11> of sequential type is unconnected in block <sensor>.
WARNING:Xst:2677 - Node <dataPulseLengths_38_12> of sequential type is unconnected in block <sensor>.
WARNING:Xst:2677 - Node <dataPulseLengths_38_13> of sequential type is unconnected in block <sensor>.
WARNING:Xst:2677 - Node <dataPulseLengths_38_14> of sequential type is unconnected in block <sensor>.
WARNING:Xst:2677 - Node <dataPulseLengths_38_15> of sequential type is unconnected in block <sensor>.
WARNING:Xst:2677 - Node <dataPulseLengths_38_16> of sequential type is unconnected in block <sensor>.
WARNING:Xst:2677 - Node <dataPulseLengths_38_17> of sequential type is unconnected in block <sensor>.
WARNING:Xst:2677 - Node <dataPulseLengths_38_18> of sequential type is unconnected in block <sensor>.
WARNING:Xst:2677 - Node <dataPulseLengths_38_19> of sequential type is unconnected in block <sensor>.
WARNING:Xst:2677 - Node <dataPulseLengths_38_20> of sequential type is unconnected in block <sensor>.
WARNING:Xst:2677 - Node <dataPulseLengths_38_21> of sequential type is unconnected in block <sensor>.
WARNING:Xst:2677 - Node <dataPulseLengths_38_22> of sequential type is unconnected in block <sensor>.
WARNING:Xst:2677 - Node <dataPulseLengths_38_23> of sequential type is unconnected in block <sensor>.
WARNING:Xst:2677 - Node <dataPulseLengths_38_24> of sequential type is unconnected in block <sensor>.
WARNING:Xst:2677 - Node <dataPulseLengths_38_25> of sequential type is unconnected in block <sensor>.
WARNING:Xst:2677 - Node <dataPulseLengths_38_26> of sequential type is unconnected in block <sensor>.
WARNING:Xst:2677 - Node <dataPulseLengths_38_27> of sequential type is unconnected in block <sensor>.
WARNING:Xst:2677 - Node <dataPulseLengths_38_28> of sequential type is unconnected in block <sensor>.
WARNING:Xst:2677 - Node <dataPulseLengths_38_29> of sequential type is unconnected in block <sensor>.
WARNING:Xst:2677 - Node <dataPulseLengths_38_30> of sequential type is unconnected in block <sensor>.
WARNING:Xst:2677 - Node <dataPulseLengths_38_31> of sequential type is unconnected in block <sensor>.
WARNING:Xst:2677 - Node <dataPulseLengths_39_0> of sequential type is unconnected in block <sensor>.
WARNING:Xst:2677 - Node <dataPulseLengths_39_1> of sequential type is unconnected in block <sensor>.
WARNING:Xst:2677 - Node <dataPulseLengths_39_2> of sequential type is unconnected in block <sensor>.
WARNING:Xst:2677 - Node <dataPulseLengths_39_3> of sequential type is unconnected in block <sensor>.
WARNING:Xst:2677 - Node <dataPulseLengths_39_4> of sequential type is unconnected in block <sensor>.
WARNING:Xst:2677 - Node <dataPulseLengths_39_5> of sequential type is unconnected in block <sensor>.
WARNING:Xst:2677 - Node <dataPulseLengths_39_6> of sequential type is unconnected in block <sensor>.
WARNING:Xst:2677 - Node <dataPulseLengths_39_7> of sequential type is unconnected in block <sensor>.
WARNING:Xst:2677 - Node <dataPulseLengths_39_8> of sequential type is unconnected in block <sensor>.
WARNING:Xst:2677 - Node <dataPulseLengths_39_9> of sequential type is unconnected in block <sensor>.
WARNING:Xst:2677 - Node <dataPulseLengths_39_10> of sequential type is unconnected in block <sensor>.
WARNING:Xst:2677 - Node <dataPulseLengths_39_11> of sequential type is unconnected in block <sensor>.
WARNING:Xst:2677 - Node <dataPulseLengths_39_12> of sequential type is unconnected in block <sensor>.
WARNING:Xst:2677 - Node <dataPulseLengths_39_13> of sequential type is unconnected in block <sensor>.
WARNING:Xst:2677 - Node <dataPulseLengths_39_14> of sequential type is unconnected in block <sensor>.
WARNING:Xst:2677 - Node <dataPulseLengths_39_15> of sequential type is unconnected in block <sensor>.
WARNING:Xst:2677 - Node <dataPulseLengths_39_16> of sequential type is unconnected in block <sensor>.
WARNING:Xst:2677 - Node <dataPulseLengths_39_17> of sequential type is unconnected in block <sensor>.
WARNING:Xst:2677 - Node <dataPulseLengths_39_18> of sequential type is unconnected in block <sensor>.
WARNING:Xst:2677 - Node <dataPulseLengths_39_19> of sequential type is unconnected in block <sensor>.
WARNING:Xst:2677 - Node <dataPulseLengths_39_20> of sequential type is unconnected in block <sensor>.
WARNING:Xst:2677 - Node <dataPulseLengths_39_21> of sequential type is unconnected in block <sensor>.
WARNING:Xst:2677 - Node <dataPulseLengths_39_22> of sequential type is unconnected in block <sensor>.
WARNING:Xst:2677 - Node <dataPulseLengths_39_23> of sequential type is unconnected in block <sensor>.
WARNING:Xst:2677 - Node <dataPulseLengths_39_24> of sequential type is unconnected in block <sensor>.
WARNING:Xst:2677 - Node <dataPulseLengths_39_25> of sequential type is unconnected in block <sensor>.
WARNING:Xst:2677 - Node <dataPulseLengths_39_26> of sequential type is unconnected in block <sensor>.
WARNING:Xst:2677 - Node <dataPulseLengths_39_27> of sequential type is unconnected in block <sensor>.
WARNING:Xst:2677 - Node <dataPulseLengths_39_28> of sequential type is unconnected in block <sensor>.
WARNING:Xst:2677 - Node <dataPulseLengths_39_29> of sequential type is unconnected in block <sensor>.
WARNING:Xst:2677 - Node <dataPulseLengths_39_30> of sequential type is unconnected in block <sensor>.
WARNING:Xst:2677 - Node <dataPulseLengths_39_31> of sequential type is unconnected in block <sensor>.
WARNING:Xst:2677 - Node <chkBin0/bitValue> of sequential type is unconnected in block <sensor>.
WARNING:Xst:2677 - Node <chkBin1/bitValue> of sequential type is unconnected in block <sensor>.
WARNING:Xst:2677 - Node <chkBin2/bitValue> of sequential type is unconnected in block <sensor>.
WARNING:Xst:2677 - Node <chkBin3/bitValue> of sequential type is unconnected in block <sensor>.
WARNING:Xst:2677 - Node <chkBin4/bitValue> of sequential type is unconnected in block <sensor>.
WARNING:Xst:2677 - Node <chkBin5/bitValue> of sequential type is unconnected in block <sensor>.
WARNING:Xst:2677 - Node <chkBin6/bitValue> of sequential type is unconnected in block <sensor>.
WARNING:Xst:2677 - Node <chkBin7/bitValue> of sequential type is unconnected in block <sensor>.

Mapping all equations...
Building and optimizing final netlist ...
Found area constraint ratio of 100 (+ 5) on block sensor, actual ratio is 71.

Final Macro Processing ...

=========================================================================
Final Register Report

Macro Statistics
# Registers                                            : 1649
 Flip-Flops                                            : 1649

=========================================================================

=========================================================================
*                           Partition Report                            *
=========================================================================

Partition Implementation Status
-------------------------------

  No Partitions were found in this design.

-------------------------------

=========================================================================
*                            Final Report                               *
=========================================================================
Final Results
RTL Top Level Output File Name     : sensor.ngr
Top Level Output File Name         : sensor
Output Format                      : NGC
Optimization Goal                  : Speed
Keep Hierarchy                     : No

Design Statistics
# IOs                              : 93

Cell Usage :
# BELS                             : 10160
#      BUF                         : 2
#      GND                         : 1
#      INV                         : 468
#      LUT1                        : 1627
#      LUT2                        : 1228
#      LUT3                        : 199
#      LUT4                        : 1078
#      LUT4_D                      : 4
#      LUT4_L                      : 1
#      MUXCY                       : 3782
#      MUXF5                       : 9
#      VCC                         : 1
#      XORCY                       : 1760
# FlipFlops/Latches                : 1681
#      FDC                         : 7
#      FDCE                        : 1088
#      FDE                         : 521
#      FDPE                        : 1
#      FDR                         : 32
#      LDCP_1                      : 32
# Clock Buffers                    : 1
#      BUFGP                       : 1
# IO Buffers                       : 24
#      IBUF                        : 3
#      IOBUF                       : 1
#      OBUF                        : 20
=========================================================================

Device utilization summary:
---------------------------

Selected Device : 3s400ft256-5 

 Number of Slices:                     2413  out of   3584    67%  
 Number of Slice Flip Flops:           1681  out of   7168    23%  
 Number of 4 input LUTs:               4605  out of   7168    64%  
 Number of IOs:                          93
 Number of bonded IOBs:                  25  out of    173    14%  
 Number of GCLKs:                         1  out of      8    12%  

---------------------------
Partition Resource Summary:
---------------------------

  No Partitions were found in this design.

---------------------------


=========================================================================
TIMING REPORT

NOTE: THESE TIMING NUMBERS ARE ONLY A SYNTHESIS ESTIMATE.
      FOR ACCURATE TIMING INFORMATION PLEASE REFER TO THE TRACE REPORT
      GENERATED AFTER PLACE-and-ROUTE.

Clock Information:
------------------
---------------------------------------------------------------+---------------------------+-------+
Clock Signal                                                   | Clock buffer(FF name)     | Load  |
---------------------------------------------------------------+---------------------------+-------+
clock                                                          | BUFGP                     | 1649  |
temBin00/bitValue_not0001(temBin00/bitValue_not0001_wg_cy<7>:O)| NONE(*)(temBin00/bitValue)| 1     |
temBin01/bitValue_not0001(temBin01/bitValue_not0001_wg_cy<7>:O)| NONE(*)(temBin01/bitValue)| 1     |
temBin02/bitValue_not0001(temBin02/bitValue_not0001_wg_cy<7>:O)| NONE(*)(temBin02/bitValue)| 1     |
temBin03/bitValue_not0001(temBin03/bitValue_not0001_wg_cy<7>:O)| NONE(*)(temBin03/bitValue)| 1     |
temBin04/bitValue_not0001(temBin04/bitValue_not0001_wg_cy<7>:O)| NONE(*)(temBin04/bitValue)| 1     |
temBin05/bitValue_not0001(temBin05/bitValue_not0001_wg_cy<7>:O)| NONE(*)(temBin05/bitValue)| 1     |
temBin06/bitValue_not0001(temBin06/bitValue_not0001_wg_cy<7>:O)| NONE(*)(temBin06/bitValue)| 1     |
temBin07/bitValue_not0001(temBin07/bitValue_not0001_wg_cy<7>:O)| NONE(*)(temBin07/bitValue)| 1     |
temBin08/bitValue_not0001(temBin08/bitValue_not0001_wg_cy<7>:O)| NONE(*)(temBin08/bitValue)| 1     |
temBin09/bitValue_not0001(temBin09/bitValue_not0001_wg_cy<7>:O)| NONE(*)(temBin09/bitValue)| 1     |
temBin10/bitValue_not0001(temBin10/bitValue_not0001_wg_cy<7>:O)| NONE(*)(temBin10/bitValue)| 1     |
temBin11/bitValue_not0001(temBin11/bitValue_not0001_wg_cy<7>:O)| NONE(*)(temBin11/bitValue)| 1     |
temBin12/bitValue_not0001(temBin12/bitValue_not0001_wg_cy<7>:O)| NONE(*)(temBin12/bitValue)| 1     |
temBin13/bitValue_not0001(temBin13/bitValue_not0001_wg_cy<7>:O)| NONE(*)(temBin13/bitValue)| 1     |
temBin14/bitValue_not0001(temBin14/bitValue_not0001_wg_cy<7>:O)| NONE(*)(temBin14/bitValue)| 1     |
temBin15/bitValue_not0001(temBin15/bitValue_not0001_wg_cy<7>:O)| NONE(*)(temBin15/bitValue)| 1     |
humBin00/bitValue_not0001(humBin00/bitValue_not0001_wg_cy<7>:O)| NONE(*)(humBin00/bitValue)| 1     |
humBin01/bitValue_not0001(humBin01/bitValue_not0001_wg_cy<7>:O)| NONE(*)(humBin01/bitValue)| 1     |
humBin02/bitValue_not0001(humBin02/bitValue_not0001_wg_cy<7>:O)| NONE(*)(humBin02/bitValue)| 1     |
humBin03/bitValue_not0001(humBin03/bitValue_not0001_wg_cy<7>:O)| NONE(*)(humBin03/bitValue)| 1     |
humBin04/bitValue_not0001(humBin04/bitValue_not0001_wg_cy<7>:O)| NONE(*)(humBin04/bitValue)| 1     |
humBin05/bitValue_not0001(humBin05/bitValue_not0001_wg_cy<7>:O)| NONE(*)(humBin05/bitValue)| 1     |
humBin06/bitValue_not0001(humBin06/bitValue_not0001_wg_cy<7>:O)| NONE(*)(humBin06/bitValue)| 1     |
humBin07/bitValue_not0001(humBin07/bitValue_not0001_wg_cy<7>:O)| NONE(*)(humBin07/bitValue)| 1     |
humBin08/bitValue_not0001(humBin08/bitValue_not0001_wg_cy<7>:O)| NONE(*)(humBin08/bitValue)| 1     |
humBin09/bitValue_not0001(humBin09/bitValue_not0001_wg_cy<7>:O)| NONE(*)(humBin09/bitValue)| 1     |
humBin10/bitValue_not0001(humBin10/bitValue_not0001_wg_cy<7>:O)| NONE(*)(humBin10/bitValue)| 1     |
humBin11/bitValue_not0001(humBin11/bitValue_not0001_wg_cy<7>:O)| NONE(*)(humBin11/bitValue)| 1     |
humBin12/bitValue_not0001(humBin12/bitValue_not0001_wg_cy<7>:O)| NONE(*)(humBin12/bitValue)| 1     |
humBin13/bitValue_not0001(humBin13/bitValue_not0001_wg_cy<7>:O)| NONE(*)(humBin13/bitValue)| 1     |
humBin14/bitValue_not0001(humBin14/bitValue_not0001_wg_cy<7>:O)| NONE(*)(humBin14/bitValue)| 1     |
humBin15/bitValue_not0001(humBin15/bitValue_not0001_wg_cy<7>:O)| NONE(*)(humBin15/bitValue)| 1     |
---------------------------------------------------------------+---------------------------+-------+
(*) These 32 clock signal(s) are generated by combinatorial logic,
and XST is not able to identify which are the primary clock signals.
Please use the CLOCK_SIGNAL constraint to specify the clock signal(s) generated by combinatorial logic.
INFO:Xst:2169 - HDL ADVISOR - Some clock signals were not automatically buffered by XST with BUFG/BUFR resources. Please use the buffer_type constraint in order to insert these buffers to the clock signals to help prevent skew problems.

Asynchronous Control Signals Information:
----------------------------------------
-------------------------------------------------------+-----------------------------+-------+
Control Signal                                         | Buffer(FF name)             | Load  |
-------------------------------------------------------+-----------------------------+-------+
reset_IBUF_1(reset_IBUF_1:O)                           | NONE(dataPulseLengths_29_25)| 366   |
reset_IBUF_2(reset_IBUF_2:O)                           | NONE(dataPulseLengths_19_12)| 366   |
reset                                                  | IBUF                        | 364   |
humBin00/bitValue_and0000(humBin00/bitValue_and00001:O)| NONE(humBin00/bitValue)     | 1     |
humBin00/bitValue_and0001(humBin00/bitValue_and00011:O)| NONE(humBin00/bitValue)     | 1     |
humBin01/bitValue_and0000(humBin01/bitValue_and00001:O)| NONE(humBin01/bitValue)     | 1     |
humBin01/bitValue_and0001(humBin01/bitValue_and00011:O)| NONE(humBin01/bitValue)     | 1     |
humBin02/bitValue_and0000(humBin02/bitValue_and00001:O)| NONE(humBin02/bitValue)     | 1     |
humBin02/bitValue_and0001(humBin02/bitValue_and00011:O)| NONE(humBin02/bitValue)     | 1     |
humBin03/bitValue_and0000(humBin03/bitValue_and00001:O)| NONE(humBin03/bitValue)     | 1     |
humBin03/bitValue_and0001(humBin03/bitValue_and00011:O)| NONE(humBin03/bitValue)     | 1     |
humBin04/bitValue_and0000(humBin04/bitValue_and00001:O)| NONE(humBin04/bitValue)     | 1     |
humBin04/bitValue_and0001(humBin04/bitValue_and00011:O)| NONE(humBin04/bitValue)     | 1     |
humBin05/bitValue_and0000(humBin05/bitValue_and00001:O)| NONE(humBin05/bitValue)     | 1     |
humBin05/bitValue_and0001(humBin05/bitValue_and00011:O)| NONE(humBin05/bitValue)     | 1     |
humBin06/bitValue_and0000(humBin06/bitValue_and00001:O)| NONE(humBin06/bitValue)     | 1     |
humBin06/bitValue_and0001(humBin06/bitValue_and00011:O)| NONE(humBin06/bitValue)     | 1     |
humBin07/bitValue_and0000(humBin07/bitValue_and00001:O)| NONE(humBin07/bitValue)     | 1     |
humBin07/bitValue_and0001(humBin07/bitValue_and00011:O)| NONE(humBin07/bitValue)     | 1     |
humBin08/bitValue_and0000(humBin08/bitValue_and00001:O)| NONE(humBin08/bitValue)     | 1     |
humBin08/bitValue_and0001(humBin08/bitValue_and00011:O)| NONE(humBin08/bitValue)     | 1     |
humBin09/bitValue_and0000(humBin09/bitValue_and00001:O)| NONE(humBin09/bitValue)     | 1     |
humBin09/bitValue_and0001(humBin09/bitValue_and00011:O)| NONE(humBin09/bitValue)     | 1     |
humBin10/bitValue_and0000(humBin10/bitValue_and00001:O)| NONE(humBin10/bitValue)     | 1     |
humBin10/bitValue_and0001(humBin10/bitValue_and00011:O)| NONE(humBin10/bitValue)     | 1     |
humBin11/bitValue_and0000(humBin11/bitValue_and00001:O)| NONE(humBin11/bitValue)     | 1     |
humBin11/bitValue_and0001(humBin11/bitValue_and00011:O)| NONE(humBin11/bitValue)     | 1     |
humBin12/bitValue_and0000(humBin12/bitValue_and00001:O)| NONE(humBin12/bitValue)     | 1     |
humBin12/bitValue_and0001(humBin12/bitValue_and00011:O)| NONE(humBin12/bitValue)     | 1     |
humBin13/bitValue_and0000(humBin13/bitValue_and00001:O)| NONE(humBin13/bitValue)     | 1     |
humBin13/bitValue_and0001(humBin13/bitValue_and00011:O)| NONE(humBin13/bitValue)     | 1     |
humBin14/bitValue_and0000(humBin14/bitValue_and00001:O)| NONE(humBin14/bitValue)     | 1     |
humBin14/bitValue_and0001(humBin14/bitValue_and00011:O)| NONE(humBin14/bitValue)     | 1     |
humBin15/bitValue_and0000(humBin15/bitValue_and00001:O)| NONE(humBin15/bitValue)     | 1     |
humBin15/bitValue_and0001(humBin15/bitValue_and00011:O)| NONE(humBin15/bitValue)     | 1     |
temBin00/bitValue_and0000(temBin00/bitValue_and00001:O)| NONE(temBin00/bitValue)     | 1     |
temBin00/bitValue_and0001(temBin00/bitValue_and00011:O)| NONE(temBin00/bitValue)     | 1     |
temBin01/bitValue_and0000(temBin01/bitValue_and00001:O)| NONE(temBin01/bitValue)     | 1     |
temBin01/bitValue_and0001(temBin01/bitValue_and00011:O)| NONE(temBin01/bitValue)     | 1     |
temBin02/bitValue_and0000(temBin02/bitValue_and00001:O)| NONE(temBin02/bitValue)     | 1     |
temBin02/bitValue_and0001(temBin02/bitValue_and00011:O)| NONE(temBin02/bitValue)     | 1     |
temBin03/bitValue_and0000(temBin03/bitValue_and00001:O)| NONE(temBin03/bitValue)     | 1     |
temBin03/bitValue_and0001(temBin03/bitValue_and00011:O)| NONE(temBin03/bitValue)     | 1     |
temBin04/bitValue_and0000(temBin04/bitValue_and00001:O)| NONE(temBin04/bitValue)     | 1     |
temBin04/bitValue_and0001(temBin04/bitValue_and00011:O)| NONE(temBin04/bitValue)     | 1     |
temBin05/bitValue_and0000(temBin05/bitValue_and00001:O)| NONE(temBin05/bitValue)     | 1     |
temBin05/bitValue_and0001(temBin05/bitValue_and00011:O)| NONE(temBin05/bitValue)     | 1     |
temBin06/bitValue_and0000(temBin06/bitValue_and00001:O)| NONE(temBin06/bitValue)     | 1     |
temBin06/bitValue_and0001(temBin06/bitValue_and00011:O)| NONE(temBin06/bitValue)     | 1     |
temBin07/bitValue_and0000(temBin07/bitValue_and00001:O)| NONE(temBin07/bitValue)     | 1     |
temBin07/bitValue_and0001(temBin07/bitValue_and00011:O)| NONE(temBin07/bitValue)     | 1     |
temBin08/bitValue_and0000(temBin08/bitValue_and00001:O)| NONE(temBin08/bitValue)     | 1     |
temBin08/bitValue_and0001(temBin08/bitValue_and00011:O)| NONE(temBin08/bitValue)     | 1     |
temBin09/bitValue_and0000(temBin09/bitValue_and00001:O)| NONE(temBin09/bitValue)     | 1     |
temBin09/bitValue_and0001(temBin09/bitValue_and00011:O)| NONE(temBin09/bitValue)     | 1     |
temBin10/bitValue_and0000(temBin10/bitValue_and00001:O)| NONE(temBin10/bitValue)     | 1     |
temBin10/bitValue_and0001(temBin10/bitValue_and00011:O)| NONE(temBin10/bitValue)     | 1     |
temBin11/bitValue_and0000(temBin11/bitValue_and00001:O)| NONE(temBin11/bitValue)     | 1     |
temBin11/bitValue_and0001(temBin11/bitValue_and00011:O)| NONE(temBin11/bitValue)     | 1     |
temBin12/bitValue_and0000(temBin12/bitValue_and00001:O)| NONE(temBin12/bitValue)     | 1     |
temBin12/bitValue_and0001(temBin12/bitValue_and00011:O)| NONE(temBin12/bitValue)     | 1     |
temBin13/bitValue_and0000(temBin13/bitValue_and00001:O)| NONE(temBin13/bitValue)     | 1     |
temBin13/bitValue_and0001(temBin13/bitValue_and00011:O)| NONE(temBin13/bitValue)     | 1     |
temBin14/bitValue_and0000(temBin14/bitValue_and00001:O)| NONE(temBin14/bitValue)     | 1     |
temBin14/bitValue_and0001(temBin14/bitValue_and00011:O)| NONE(temBin14/bitValue)     | 1     |
temBin15/bitValue_and0000(temBin15/bitValue_and00001:O)| NONE(temBin15/bitValue)     | 1     |
temBin15/bitValue_and0001(temBin15/bitValue_and00011:O)| NONE(temBin15/bitValue)     | 1     |
-------------------------------------------------------+-----------------------------+-------+

Timing Summary:
---------------
Speed Grade: -5

   Minimum period: 11.877ns (Maximum Frequency: 84.194MHz)
   Minimum input arrival time before clock: 13.072ns
   Maximum output required time after clock: 12.332ns
   Maximum combinational path delay: No path found

Timing Detail:
--------------
All values displayed in nanoseconds (ns)

=========================================================================
Timing constraint: Default period analysis for Clock 'clock'
  Clock period: 11.877ns (frequency: 84.194MHz)
  Total number of paths / destination ports: 2073301 / 3289
-------------------------------------------------------------------------
Delay:               11.877ns (Levels of Logic = 37)
  Source:            caliberateTemperature/quotient_0 (FF)
  Destination:       displayStuff/sep1/remainder_0 (FF)
  Source Clock:      clock rising
  Destination Clock: clock rising

  Data Path: caliberateTemperature/quotient_0 to displayStuff/sep1/remainder_0
                                Gate     Net
    Cell:in->out      fanout   Delay   Delay  Logical Name (Net Name)
    ----------------------------------------  ------------
     FDE:C->Q              2   0.626   0.915  caliberateTemperature/quotient_0 (caliberateTemperature/quotient_0)
     LUT3:I1->O            2   0.479   0.915  displayValue<0>1 (displayValue<0>)
     LUT2:I1->O            1   0.479   0.000  displayStuff/sep1/Msub_numerator_sub0000_lut<0> (displayStuff/sep1/Msub_numerator_sub0000_lut<0>)
     MUXCY:S->O            1   0.435   0.000  displayStuff/sep1/Msub_numerator_sub0000_cy<0> (displayStuff/sep1/Msub_numerator_sub0000_cy<0>)
     MUXCY:CI->O           1   0.056   0.000  displayStuff/sep1/Msub_numerator_sub0000_cy<1> (displayStuff/sep1/Msub_numerator_sub0000_cy<1>)
     MUXCY:CI->O           1   0.056   0.000  displayStuff/sep1/Msub_numerator_sub0000_cy<2> (displayStuff/sep1/Msub_numerator_sub0000_cy<2>)
     XORCY:CI->O           2   0.786   1.040  displayStuff/sep1/Msub_numerator_sub0000_xor<3> (displayStuff/sep1/Mcompar_numerator_cmp_lt0000_lut<3>)
     LUT1:I0->O            1   0.479   0.000  displayStuff/sep1/Mcompar_numerator_cmp_lt0000_cy<3>_rt (displayStuff/sep1/Mcompar_numerator_cmp_lt0000_cy<3>_rt)
     MUXCY:S->O            1   0.435   0.000  displayStuff/sep1/Mcompar_numerator_cmp_lt0000_cy<3> (displayStuff/sep1/Mcompar_numerator_cmp_lt0000_cy<3>)
     MUXCY:CI->O           1   0.056   0.000  displayStuff/sep1/Mcompar_numerator_cmp_lt0000_cy<4> (displayStuff/sep1/Mcompar_numerator_cmp_lt0000_cy<4>)
     MUXCY:CI->O           1   0.056   0.000  displayStuff/sep1/Mcompar_numerator_cmp_lt0000_cy<5> (displayStuff/sep1/Mcompar_numerator_cmp_lt0000_cy<5>)
     MUXCY:CI->O           1   0.056   0.000  displayStuff/sep1/Mcompar_numerator_cmp_lt0000_cy<6> (displayStuff/sep1/Mcompar_numerator_cmp_lt0000_cy<6>)
     MUXCY:CI->O           1   0.056   0.000  displayStuff/sep1/Mcompar_numerator_cmp_lt0000_cy<7> (displayStuff/sep1/Mcompar_numerator_cmp_lt0000_cy<7>)
     MUXCY:CI->O           1   0.056   0.000  displayStuff/sep1/Mcompar_numerator_cmp_lt0000_cy<8> (displayStuff/sep1/Mcompar_numerator_cmp_lt0000_cy<8>)
     MUXCY:CI->O           1   0.056   0.000  displayStuff/sep1/Mcompar_numerator_cmp_lt0000_cy<9> (displayStuff/sep1/Mcompar_numerator_cmp_lt0000_cy<9>)
     MUXCY:CI->O           1   0.056   0.000  displayStuff/sep1/Mcompar_numerator_cmp_lt0000_cy<10> (displayStuff/sep1/Mcompar_numerator_cmp_lt0000_cy<10>)
     MUXCY:CI->O           1   0.056   0.000  displayStuff/sep1/Mcompar_numerator_cmp_lt0000_cy<11> (displayStuff/sep1/Mcompar_numerator_cmp_lt0000_cy<11>)
     MUXCY:CI->O           1   0.056   0.000  displayStuff/sep1/Mcompar_numerator_cmp_lt0000_cy<12> (displayStuff/sep1/Mcompar_numerator_cmp_lt0000_cy<12>)
     MUXCY:CI->O           1   0.056   0.000  displayStuff/sep1/Mcompar_numerator_cmp_lt0000_cy<13> (displayStuff/sep1/Mcompar_numerator_cmp_lt0000_cy<13>)
     MUXCY:CI->O           1   0.056   0.000  displayStuff/sep1/Mcompar_numerator_cmp_lt0000_cy<14> (displayStuff/sep1/Mcompar_numerator_cmp_lt0000_cy<14>)
     MUXCY:CI->O           1   0.056   0.000  displayStuff/sep1/Mcompar_numerator_cmp_lt0000_cy<15> (displayStuff/sep1/Mcompar_numerator_cmp_lt0000_cy<15>)
     MUXCY:CI->O           1   0.056   0.000  displayStuff/sep1/Mcompar_numerator_cmp_lt0000_cy<16> (displayStuff/sep1/Mcompar_numerator_cmp_lt0000_cy<16>)
     MUXCY:CI->O           1   0.056   0.000  displayStuff/sep1/Mcompar_numerator_cmp_lt0000_cy<17> (displayStuff/sep1/Mcompar_numerator_cmp_lt0000_cy<17>)
     MUXCY:CI->O           1   0.056   0.000  displayStuff/sep1/Mcompar_numerator_cmp_lt0000_cy<18> (displayStuff/sep1/Mcompar_numerator_cmp_lt0000_cy<18>)
     MUXCY:CI->O           1   0.056   0.000  displayStuff/sep1/Mcompar_numerator_cmp_lt0000_cy<19> (displayStuff/sep1/Mcompar_numerator_cmp_lt0000_cy<19>)
     MUXCY:CI->O           1   0.056   0.000  displayStuff/sep1/Mcompar_numerator_cmp_lt0000_cy<20> (displayStuff/sep1/Mcompar_numerator_cmp_lt0000_cy<20>)
     MUXCY:CI->O           1   0.056   0.000  displayStuff/sep1/Mcompar_numerator_cmp_lt0000_cy<21> (displayStuff/sep1/Mcompar_numerator_cmp_lt0000_cy<21>)
     MUXCY:CI->O           1   0.056   0.000  displayStuff/sep1/Mcompar_numerator_cmp_lt0000_cy<22> (displayStuff/sep1/Mcompar_numerator_cmp_lt0000_cy<22>)
     MUXCY:CI->O           1   0.056   0.000  displayStuff/sep1/Mcompar_numerator_cmp_lt0000_cy<23> (displayStuff/sep1/Mcompar_numerator_cmp_lt0000_cy<23>)
     MUXCY:CI->O           1   0.056   0.000  displayStuff/sep1/Mcompar_numerator_cmp_lt0000_cy<24> (displayStuff/sep1/Mcompar_numerator_cmp_lt0000_cy<24>)
     MUXCY:CI->O           1   0.056   0.000  displayStuff/sep1/Mcompar_numerator_cmp_lt0000_cy<25> (displayStuff/sep1/Mcompar_numerator_cmp_lt0000_cy<25>)
     MUXCY:CI->O           1   0.056   0.000  displayStuff/sep1/Mcompar_numerator_cmp_lt0000_cy<26> (displayStuff/sep1/Mcompar_numerator_cmp_lt0000_cy<26>)
     MUXCY:CI->O           1   0.056   0.000  displayStuff/sep1/Mcompar_numerator_cmp_lt0000_cy<27> (displayStuff/sep1/Mcompar_numerator_cmp_lt0000_cy<27>)
     MUXCY:CI->O           1   0.056   0.000  displayStuff/sep1/Mcompar_numerator_cmp_lt0000_cy<28> (displayStuff/sep1/Mcompar_numerator_cmp_lt0000_cy<28>)
     MUXCY:CI->O           1   0.056   0.000  displayStuff/sep1/Mcompar_numerator_cmp_lt0000_cy<29> (displayStuff/sep1/Mcompar_numerator_cmp_lt0000_cy<29>)
     MUXCY:CI->O           1   0.056   0.000  displayStuff/sep1/Mcompar_numerator_cmp_lt0000_cy<30> (displayStuff/sep1/Mcompar_numerator_cmp_lt0000_cy<30>)
     MUXCY:CI->O           3   0.264   0.830  displayStuff/sep1/Mcompar_numerator_cmp_lt0000_cy<31> (displayStuff/sep1/Mcompar_numerator_cmp_lt0000_cy<31>)
     LUT3:I2->O           33   0.479   1.580  displayStuff/sep1/remainder_not00011 (displayStuff/sep1/remainder_not0001)
     FDE:CE                    0.524          displayStuff/sep1/remainder_0
    ----------------------------------------
    Total                     11.877ns (6.596ns logic, 5.281ns route)
                                       (55.5% logic, 44.5% route)

=========================================================================
Timing constraint: Default OFFSET IN BEFORE for Clock 'clock'
  Total number of paths / destination ports: 195711 / 137
-------------------------------------------------------------------------
Offset:              13.072ns (Levels of Logic = 38)
  Source:            selectByte (PAD)
  Destination:       displayStuff/sep1/remainder_0 (FF)
  Destination Clock: clock rising

  Data Path: selectByte to displayStuff/sep1/remainder_0
                                Gate     Net
    Cell:in->out      fanout   Delay   Delay  Logical Name (Net Name)
    ----------------------------------------  ------------
     IBUF:I->O            63   0.715   2.021  selectByte_IBUF (selectByte_IBUF)
     LUT3:I0->O            2   0.479   0.915  displayValue<0>1 (displayValue<0>)
     LUT2:I1->O            1   0.479   0.000  displayStuff/sep1/Msub_numerator_sub0000_lut<0> (displayStuff/sep1/Msub_numerator_sub0000_lut<0>)
     MUXCY:S->O            1   0.435   0.000  displayStuff/sep1/Msub_numerator_sub0000_cy<0> (displayStuff/sep1/Msub_numerator_sub0000_cy<0>)
     MUXCY:CI->O           1   0.056   0.000  displayStuff/sep1/Msub_numerator_sub0000_cy<1> (displayStuff/sep1/Msub_numerator_sub0000_cy<1>)
     MUXCY:CI->O           1   0.056   0.000  displayStuff/sep1/Msub_numerator_sub0000_cy<2> (displayStuff/sep1/Msub_numerator_sub0000_cy<2>)
     XORCY:CI->O           2   0.786   1.040  displayStuff/sep1/Msub_numerator_sub0000_xor<3> (displayStuff/sep1/Mcompar_numerator_cmp_lt0000_lut<3>)
     LUT1:I0->O            1   0.479   0.000  displayStuff/sep1/Mcompar_numerator_cmp_lt0000_cy<3>_rt (displayStuff/sep1/Mcompar_numerator_cmp_lt0000_cy<3>_rt)
     MUXCY:S->O            1   0.435   0.000  displayStuff/sep1/Mcompar_numerator_cmp_lt0000_cy<3> (displayStuff/sep1/Mcompar_numerator_cmp_lt0000_cy<3>)
     MUXCY:CI->O           1   0.056   0.000  displayStuff/sep1/Mcompar_numerator_cmp_lt0000_cy<4> (displayStuff/sep1/Mcompar_numerator_cmp_lt0000_cy<4>)
     MUXCY:CI->O           1   0.056   0.000  displayStuff/sep1/Mcompar_numerator_cmp_lt0000_cy<5> (displayStuff/sep1/Mcompar_numerator_cmp_lt0000_cy<5>)
     MUXCY:CI->O           1   0.056   0.000  displayStuff/sep1/Mcompar_numerator_cmp_lt0000_cy<6> (displayStuff/sep1/Mcompar_numerator_cmp_lt0000_cy<6>)
     MUXCY:CI->O           1   0.056   0.000  displayStuff/sep1/Mcompar_numerator_cmp_lt0000_cy<7> (displayStuff/sep1/Mcompar_numerator_cmp_lt0000_cy<7>)
     MUXCY:CI->O           1   0.056   0.000  displayStuff/sep1/Mcompar_numerator_cmp_lt0000_cy<8> (displayStuff/sep1/Mcompar_numerator_cmp_lt0000_cy<8>)
     MUXCY:CI->O           1   0.056   0.000  displayStuff/sep1/Mcompar_numerator_cmp_lt0000_cy<9> (displayStuff/sep1/Mcompar_numerator_cmp_lt0000_cy<9>)
     MUXCY:CI->O           1   0.056   0.000  displayStuff/sep1/Mcompar_numerator_cmp_lt0000_cy<10> (displayStuff/sep1/Mcompar_numerator_cmp_lt0000_cy<10>)
     MUXCY:CI->O           1   0.056   0.000  displayStuff/sep1/Mcompar_numerator_cmp_lt0000_cy<11> (displayStuff/sep1/Mcompar_numerator_cmp_lt0000_cy<11>)
     MUXCY:CI->O           1   0.056   0.000  displayStuff/sep1/Mcompar_numerator_cmp_lt0000_cy<12> (displayStuff/sep1/Mcompar_numerator_cmp_lt0000_cy<12>)
     MUXCY:CI->O           1   0.056   0.000  displayStuff/sep1/Mcompar_numerator_cmp_lt0000_cy<13> (displayStuff/sep1/Mcompar_numerator_cmp_lt0000_cy<13>)
     MUXCY:CI->O           1   0.056   0.000  displayStuff/sep1/Mcompar_numerator_cmp_lt0000_cy<14> (displayStuff/sep1/Mcompar_numerator_cmp_lt0000_cy<14>)
     MUXCY:CI->O           1   0.056   0.000  displayStuff/sep1/Mcompar_numerator_cmp_lt0000_cy<15> (displayStuff/sep1/Mcompar_numerator_cmp_lt0000_cy<15>)
     MUXCY:CI->O           1   0.056   0.000  displayStuff/sep1/Mcompar_numerator_cmp_lt0000_cy<16> (displayStuff/sep1/Mcompar_numerator_cmp_lt0000_cy<16>)
     MUXCY:CI->O           1   0.056   0.000  displayStuff/sep1/Mcompar_numerator_cmp_lt0000_cy<17> (displayStuff/sep1/Mcompar_numerator_cmp_lt0000_cy<17>)
     MUXCY:CI->O           1   0.056   0.000  displayStuff/sep1/Mcompar_numerator_cmp_lt0000_cy<18> (displayStuff/sep1/Mcompar_numerator_cmp_lt0000_cy<18>)
     MUXCY:CI->O           1   0.056   0.000  displayStuff/sep1/Mcompar_numerator_cmp_lt0000_cy<19> (displayStuff/sep1/Mcompar_numerator_cmp_lt0000_cy<19>)
     MUXCY:CI->O           1   0.056   0.000  displayStuff/sep1/Mcompar_numerator_cmp_lt0000_cy<20> (displayStuff/sep1/Mcompar_numerator_cmp_lt0000_cy<20>)
     MUXCY:CI->O           1   0.056   0.000  displayStuff/sep1/Mcompar_numerator_cmp_lt0000_cy<21> (displayStuff/sep1/Mcompar_numerator_cmp_lt0000_cy<21>)
     MUXCY:CI->O           1   0.056   0.000  displayStuff/sep1/Mcompar_numerator_cmp_lt0000_cy<22> (displayStuff/sep1/Mcompar_numerator_cmp_lt0000_cy<22>)
     MUXCY:CI->O           1   0.056   0.000  displayStuff/sep1/Mcompar_numerator_cmp_lt0000_cy<23> (displayStuff/sep1/Mcompar_numerator_cmp_lt0000_cy<23>)
     MUXCY:CI->O           1   0.056   0.000  displayStuff/sep1/Mcompar_numerator_cmp_lt0000_cy<24> (displayStuff/sep1/Mcompar_numerator_cmp_lt0000_cy<24>)
     MUXCY:CI->O           1   0.056   0.000  displayStuff/sep1/Mcompar_numerator_cmp_lt0000_cy<25> (displayStuff/sep1/Mcompar_numerator_cmp_lt0000_cy<25>)
     MUXCY:CI->O           1   0.056   0.000  displayStuff/sep1/Mcompar_numerator_cmp_lt0000_cy<26> (displayStuff/sep1/Mcompar_numerator_cmp_lt0000_cy<26>)
     MUXCY:CI->O           1   0.056   0.000  displayStuff/sep1/Mcompar_numerator_cmp_lt0000_cy<27> (displayStuff/sep1/Mcompar_numerator_cmp_lt0000_cy<27>)
     MUXCY:CI->O           1   0.056   0.000  displayStuff/sep1/Mcompar_numerator_cmp_lt0000_cy<28> (displayStuff/sep1/Mcompar_numerator_cmp_lt0000_cy<28>)
     MUXCY:CI->O           1   0.056   0.000  displayStuff/sep1/Mcompar_numerator_cmp_lt0000_cy<29> (displayStuff/sep1/Mcompar_numerator_cmp_lt0000_cy<29>)
     MUXCY:CI->O           1   0.056   0.000  displayStuff/sep1/Mcompar_numerator_cmp_lt0000_cy<30> (displayStuff/sep1/Mcompar_numerator_cmp_lt0000_cy<30>)
     MUXCY:CI->O           3   0.264   0.830  displayStuff/sep1/Mcompar_numerator_cmp_lt0000_cy<31> (displayStuff/sep1/Mcompar_numerator_cmp_lt0000_cy<31>)
     LUT3:I2->O           33   0.479   1.580  displayStuff/sep1/remainder_not00011 (displayStuff/sep1/remainder_not0001)
     FDE:CE                    0.524          displayStuff/sep1/remainder_0
    ----------------------------------------
    Total                     13.072ns (6.685ns logic, 6.387ns route)
                                       (51.1% logic, 48.9% route)

=========================================================================
Timing constraint: Default OFFSET OUT AFTER for Clock 'clock'
  Total number of paths / destination ports: 573 / 12
-------------------------------------------------------------------------
Offset:              12.332ns (Levels of Logic = 13)
  Source:            displayStuff/digit_25 (FF)
  Destination:       ca<0> (PAD)
  Source Clock:      clock rising

  Data Path: displayStuff/digit_25 to ca<0>
                                Gate     Net
    Cell:in->out      fanout   Delay   Delay  Logical Name (Net Name)
    ----------------------------------------  ------------
     FDE:C->Q              1   0.626   0.976  displayStuff/digit_25 (displayStuff/digit_25)
     LUT4:I0->O            1   0.479   0.000  displayStuff/ca_cmp_eq00001_wg_lut<0> (displayStuff/ca_cmp_eq00001_wg_lut<0>)
     MUXCY:S->O            1   0.435   0.000  displayStuff/ca_cmp_eq00001_wg_cy<0> (displayStuff/ca_cmp_eq00001_wg_cy<0>)
     MUXCY:CI->O           1   0.056   0.000  displayStuff/ca_cmp_eq00001_wg_cy<1> (displayStuff/ca_cmp_eq00001_wg_cy<1>)
     MUXCY:CI->O           1   0.056   0.000  displayStuff/ca_cmp_eq00001_wg_cy<2> (displayStuff/ca_cmp_eq00001_wg_cy<2>)
     MUXCY:CI->O           1   0.056   0.000  displayStuff/ca_cmp_eq00001_wg_cy<3> (displayStuff/ca_cmp_eq00001_wg_cy<3>)
     MUXCY:CI->O           1   0.056   0.000  displayStuff/ca_cmp_eq00001_wg_cy<4> (displayStuff/ca_cmp_eq00001_wg_cy<4>)
     MUXCY:CI->O           1   0.056   0.000  displayStuff/ca_cmp_eq00001_wg_cy<5> (displayStuff/ca_cmp_eq00001_wg_cy<5>)
     MUXCY:CI->O          14   0.264   1.304  displayStuff/ca_cmp_eq00001_wg_cy<6> (displayStuff/ca_cmp_eq00001_wg_cy<6>)
     LUT2:I0->O            1   0.479   0.000  displayStuff/ca<0>31 (displayStuff/ca<0>3)
     MUXF5:I1->O           3   0.314   0.794  displayStuff/ca<0>3_f5 (displayStuff/N43)
     LUT4:I3->O            1   0.479   0.000  displayStuff/ca<0>841 (displayStuff/ca<0>84)
     MUXF5:I1->O           1   0.314   0.681  displayStuff/ca<0>84_f5 (ca_0_OBUF)
     OBUF:I->O                 4.909          ca_0_OBUF (ca<0>)
    ----------------------------------------
    Total                     12.332ns (8.577ns logic, 3.755ns route)
                                       (69.6% logic, 30.4% route)

=========================================================================


Total REAL time to Xst completion: 29.00 secs
Total CPU time to Xst completion: 29.02 secs
 
--> 

Total memory usage is 227008 kilobytes

Number of errors   :    0 (   0 filtered)
Number of warnings :  283 (   0 filtered)
Number of infos    :    6 (   0 filtered)

